Archive member included to satisfy reference by file (symbol)

c:/progra~2/armgnu~1/12977f~1.2mp/bin/../lib/gcc/arm-none-eabi/12.2.1/thumb/v7e-m+fp/hard\libgcc.a(_arm_muldf3.o)
                              CMakeFiles/remote_cube_sentry.elf.dir/application/Feedforward_test.c.obj (__aeabi_dmul)
c:/progra~2/armgnu~1/12977f~1.2mp/bin/../lib/gcc/arm-none-eabi/12.2.1/thumb/v7e-m+fp/hard\libgcc.a(_arm_addsubdf3.o)
                              CMakeFiles/remote_cube_sentry.elf.dir/application/steering_wheel.c.obj (__aeabi_dsub)
c:/progra~2/armgnu~1/12977f~1.2mp/bin/../lib/gcc/arm-none-eabi/12.2.1/thumb/v7e-m+fp/hard\libgcc.a(_arm_muldivdf3.o)
                              CMakeFiles/remote_cube_sentry.elf.dir/application/travelling_wheel.c.obj (__aeabi_ddiv)
c:/progra~2/armgnu~1/12977f~1.2mp/bin/../lib/gcc/arm-none-eabi/12.2.1/thumb/v7e-m+fp/hard\libgcc.a(_arm_truncdfsf2.o)
                              CMakeFiles/remote_cube_sentry.elf.dir/application/Feedforward_test.c.obj (__aeabi_d2f)
c:/progra~2/armgnu~1/12977f~1.2mp/bin/../lib/gcc/arm-none-eabi/12.2.1/thumb/v7e-m+fp/hard\libgcc.a(_aeabi_uldivmod.o)
                              CMakeFiles/remote_cube_sentry.elf.dir/Drivers/STM32F4xx_HAL_Driver/Src/stm32f4xx_hal_rcc.c.obj (__aeabi_uldivmod)
c:/progra~2/armgnu~1/12977f~1.2mp/bin/../lib/gcc/arm-none-eabi/12.2.1/thumb/v7e-m+fp/hard\libgcc.a(_udivmoddi4.o)
                              c:/progra~2/armgnu~1/12977f~1.2mp/bin/../lib/gcc/arm-none-eabi/12.2.1/thumb/v7e-m+fp/hard\libgcc.a(_aeabi_uldivmod.o) (__udivmoddi4)
c:/progra~2/armgnu~1/12977f~1.2mp/bin/../lib/gcc/arm-none-eabi/12.2.1/thumb/v7e-m+fp/hard\libgcc.a(_dvmd_tls.o)
                              c:/progra~2/armgnu~1/12977f~1.2mp/bin/../lib/gcc/arm-none-eabi/12.2.1/thumb/v7e-m+fp/hard\libgcc.a(_aeabi_uldivmod.o) (__aeabi_ldiv0)
c:/progra~2/armgnu~1/12977f~1.2mp/bin/../lib/gcc/arm-none-eabi/12.2.1/thumb/v7e-m+fp/hard\libg.a(libc_a-exit.o)
                              c:/progra~2/armgnu~1/12977f~1.2mp/bin/../lib/gcc/arm-none-eabi/12.2.1/thumb/v7e-m+fp/hard/crt0.o (exit)
c:/progra~2/armgnu~1/12977f~1.2mp/bin/../lib/gcc/arm-none-eabi/12.2.1/thumb/v7e-m+fp/hard\libg.a(libc_a-malloc.o)
                              CMakeFiles/remote_cube_sentry.elf.dir/bsp/bsp_usart.c.obj (malloc)
c:/progra~2/armgnu~1/12977f~1.2mp/bin/../lib/gcc/arm-none-eabi/12.2.1/thumb/v7e-m+fp/hard\libg.a(libc_a-mallocr.o)
                              c:/progra~2/armgnu~1/12977f~1.2mp/bin/../lib/gcc/arm-none-eabi/12.2.1/thumb/v7e-m+fp/hard\libg.a(libc_a-malloc.o) (_malloc_r)
c:/progra~2/armgnu~1/12977f~1.2mp/bin/../lib/gcc/arm-none-eabi/12.2.1/thumb/v7e-m+fp/hard\libg.a(libc_a-mlock.o)
                              c:/progra~2/armgnu~1/12977f~1.2mp/bin/../lib/gcc/arm-none-eabi/12.2.1/thumb/v7e-m+fp/hard\libg.a(libc_a-mallocr.o) (__malloc_lock)
c:/progra~2/armgnu~1/12977f~1.2mp/bin/../lib/gcc/arm-none-eabi/12.2.1/thumb/v7e-m+fp/hard\libg.a(libc_a-findfp.o)
                              CMakeFiles/remote_cube_sentry.elf.dir/Middlewares/Third_Party/FreeRTOS/Source/tasks.c.obj (__sf)
c:/progra~2/armgnu~1/12977f~1.2mp/bin/../lib/gcc/arm-none-eabi/12.2.1/thumb/v7e-m+fp/hard\libg.a(libc_a-fwalk.o)
                              c:/progra~2/armgnu~1/12977f~1.2mp/bin/../lib/gcc/arm-none-eabi/12.2.1/thumb/v7e-m+fp/hard\libg.a(libc_a-findfp.o) (_fwalk_sglue)
c:/progra~2/armgnu~1/12977f~1.2mp/bin/../lib/gcc/arm-none-eabi/12.2.1/thumb/v7e-m+fp/hard\libg.a(libc_a-stdio.o)
                              c:/progra~2/armgnu~1/12977f~1.2mp/bin/../lib/gcc/arm-none-eabi/12.2.1/thumb/v7e-m+fp/hard\libg.a(libc_a-findfp.o) (__sread)
c:/progra~2/armgnu~1/12977f~1.2mp/bin/../lib/gcc/arm-none-eabi/12.2.1/thumb/v7e-m+fp/hard\libg.a(libc_a-memset.o)
                              c:/progra~2/armgnu~1/12977f~1.2mp/bin/../lib/gcc/arm-none-eabi/12.2.1/thumb/v7e-m+fp/hard/crt0.o (memset)
c:/progra~2/armgnu~1/12977f~1.2mp/bin/../lib/gcc/arm-none-eabi/12.2.1/thumb/v7e-m+fp/hard\libg.a(libc_a-closer.o)
                              c:/progra~2/armgnu~1/12977f~1.2mp/bin/../lib/gcc/arm-none-eabi/12.2.1/thumb/v7e-m+fp/hard\libg.a(libc_a-stdio.o) (_close_r)
c:/progra~2/armgnu~1/12977f~1.2mp/bin/../lib/gcc/arm-none-eabi/12.2.1/thumb/v7e-m+fp/hard\libg.a(libc_a-reent.o)
                              CMakeFiles/remote_cube_sentry.elf.dir/Middlewares/Third_Party/FreeRTOS/Source/tasks.c.obj (_reclaim_reent)
c:/progra~2/armgnu~1/12977f~1.2mp/bin/../lib/gcc/arm-none-eabi/12.2.1/thumb/v7e-m+fp/hard\libg.a(libc_a-impure.o)
                              CMakeFiles/remote_cube_sentry.elf.dir/Middlewares/Third_Party/FreeRTOS/Source/tasks.c.obj (_impure_ptr)
c:/progra~2/armgnu~1/12977f~1.2mp/bin/../lib/gcc/arm-none-eabi/12.2.1/thumb/v7e-m+fp/hard\libg.a(libc_a-lseekr.o)
                              c:/progra~2/armgnu~1/12977f~1.2mp/bin/../lib/gcc/arm-none-eabi/12.2.1/thumb/v7e-m+fp/hard\libg.a(libc_a-stdio.o) (_lseek_r)
c:/progra~2/armgnu~1/12977f~1.2mp/bin/../lib/gcc/arm-none-eabi/12.2.1/thumb/v7e-m+fp/hard\libg.a(libc_a-readr.o)
[...]
Memory Configuration

Name             Origin             Length             Attributes
CCMRAM           0x10000000         0x00010000         xrw
RAM              0x20000000         0x00020000         xrw
FLASH            0x08000000         0x00100000         xr
*default*        0x00000000         0xffffffff

Linker script and memory map

LOAD c:/progra~2/armgnu~1/12977f~1.2mp/bin/../lib/gcc/arm-none-eabi/12.2.1/thumb/v7e-m+fp/hard/crti.o
LOAD c:/progra~2/armgnu~1/12977f~1.2mp/bin/../lib/gcc/arm-none-eabi/12.2.1/thumb/v7e-m+fp/hard/crtbegin.o
LOAD c:/progra~2/armgnu~1/12977f~1.2mp/bin/../lib/gcc/arm-none-eabi/12.2.1/thumb/v7e-m+fp/hard/crt0.o
LOAD CMakeFiles/remote_cube_sentry.elf.dir/Core/Src/adc.c.obj
LOAD CMakeFiles/remote_cube_sentry.elf.dir/Core/Src/can.c.obj
LOAD CMakeFiles/remote_cube_sentry.elf.dir/Core/Src/crc.c.obj
LOAD CMakeFiles/remote_cube_sentry.elf.dir/Core/Src/dma.c.obj
LOAD CMakeFiles/remote_cube_sentry.elf.dir/Core/Src/freertos.c.obj
LOAD CMakeFiles/remote_cube_sentry.elf.dir/Core/Src/gpio.c.obj
LOAD CMakeFiles/remote_cube_sentry.elf.dir/Core/Src/main.c.obj
LOAD CMakeFiles/remote_cube_sentry.elf.dir/Core/Src/rng.c.obj
LOAD CMakeFiles/remote_cube_sentry.elf.dir/Core/Src/spi.c.obj
LOAD CMakeFiles/remote_cube_sentry.elf.dir/Core/Src/stm32f4xx_hal_msp.c.obj
LOAD CMakeFiles/remote_cube_sentry.elf.dir/Core/Src/stm32f4xx_hal_timebase_tim.c.obj
LOAD CMakeFiles/remote_cube_sentry.elf.dir/Core/Src/stm32f4xx_it.c.obj
LOAD CMakeFiles/remote_cube_sentry.elf.dir/Core/Src/syscalls.c.obj
LOAD CMakeFiles/remote_cube_sentry.elf.dir/Core/Src/sysmem.c.obj
LOAD CMakeFiles/remote_cube_sentry.elf.dir/Core/Src/system_stm32f4xx.c.obj
LOAD CMakeFiles/remote_cube_sentry.elf.dir/Core/Src/tim.c.obj
LOAD CMakeFiles/remote_cube_sentry.elf.dir/Core/Src/usart.c.obj
LOAD CMakeFiles/remote_cube_sentry.elf.dir/Core/Startup/startup_stm32f407ighx.s.obj
LOAD CMakeFiles/remote_cube_sentry.elf.dir/Drivers/STM32F4xx_HAL_Driver/Src/stm32f4xx_hal.c.obj
LOAD CMakeFiles/remote_cube_sentry.elf.dir/Drivers/STM32F4xx_HAL_Driver/Src/stm32f4xx_hal_adc.c.obj
LOAD CMakeFiles/remote_cube_sentry.elf.dir/Drivers/STM32F4xx_HAL_Driver/Src/stm32f4xx_hal_adc_ex.c.obj
LOAD CMakeFiles/remote_cube_sentry.elf.dir/Drivers/STM32F4xx_HAL_Driver/Src/stm32f4xx_hal_can.c.obj
LOAD CMakeFiles/remote_cube_sentry.elf.dir/Drivers/STM32F4xx_HAL_Driver/Src/stm32f4xx_hal_cortex.c.obj
LOAD CMakeFiles/remote_cube_sentry.elf.dir/Drivers/STM32F4xx_HAL_Driver/Src/stm32f4xx_hal_crc.c.obj
LOAD CMakeFiles/remote_cube_sentry.elf.dir/Drivers/STM32F4xx_HAL_Driver/Src/stm32f4xx_hal_dma.c.obj
LOAD CMakeFiles/remote_cube_sentry.elf.dir/Drivers/STM32F4xx_HAL_Driver/Src/stm32f4xx_hal_dma_ex.c.obj
LOAD CMakeFiles/remote_cube_sentry.elf.dir/Drivers/STM32F4xx_HAL_Driver/Src/stm32f4xx_hal_exti.c.obj
LOAD CMakeFiles/remote_cube_sentry.elf.dir/Drivers/STM32F4xx_HAL_Driver/Src/stm32f4xx_hal_flash.c.obj
LOAD CMakeFiles/remote_cube_sentry.elf.dir/Drivers/STM32F4xx_HAL_Driver/Src/stm32f4xx_hal_flash_ex.c.obj
LOAD CMakeFiles/remote_cube_sentry.elf.dir/Drivers/STM32F4xx_HAL_Driver/Src/stm32f4xx_hal_flash_ramfunc.c.obj
LOAD CMakeFiles/remote_cube_sentry.elf.dir/Drivers/STM32F4xx_HAL_Driver/Src/stm32f4xx_hal_gpio.c.obj
LOAD CMakeFiles/remote_cube_sentry.elf.dir/Drivers/STM32F4xx_HAL_Driver/Src/stm32f4xx_hal_pcd.c.obj
LOAD CMakeFiles/remote_cube_sentry.elf.dir/Drivers/STM32F4xx_HAL_Driver/Src/stm32f4xx_hal_pcd_ex.c.obj
LOAD CMakeFiles/remote_cube_sentry.elf.dir/Drivers/STM32F4xx_HAL_Driver/Src/stm32f4xx_hal_pwr.c.obj
LOAD CMakeFiles/remote_cube_sentry.elf.dir/Drivers/STM32F4xx_HAL_Driver/Src/stm32f4xx_hal_pwr_ex.c.obj
LOAD CMakeFiles/remote_cube_sentry.elf.dir/Drivers/STM32F4xx_HAL_Driver/Src/stm32f4xx_hal_rcc.c.obj
LOAD CMakeFiles/remote_cube_sentry.elf.dir/Drivers/STM32F4xx_HAL_Driver/Src/stm32f4xx_hal_rcc_ex.c.obj
LOAD CMakeFiles/remote_cube_sentry.elf.dir/Drivers/STM32F4xx_HAL_Driver/Src/stm32f4xx_hal_rng.c.obj
LOAD CMakeFiles/remote_cube_sentry.elf.dir/Drivers/STM32F4xx_HAL_Driver/Src/stm32f4xx_hal_spi.c.obj
LOAD CMakeFiles/remote_cube_sentry.elf.dir/Drivers/STM32F4xx_HAL_Driver/Src/stm32f4xx_hal_tim.c.obj
LOAD CMakeFiles/remote_cube_sentry.elf.dir/Drivers/STM32F4xx_HAL_Driver/Src/stm32f4xx_hal_tim_ex.c.obj
LOAD CMakeFiles/remote_cube_sentry.elf.dir/Drivers/STM32F4xx_HAL_Driver/Src/stm32f4xx_hal_uart.c.obj
LOAD CMakeFiles/remote_cube_sentry.elf.dir/Drivers/STM32F4xx_HAL_Driver/Src/stm32f4xx_ll_adc.c.obj
LOAD CMakeFiles/remote_cube_sentry.elf.dir/Drivers/STM32F4xx_HAL_Driver/Src/stm32f4xx_ll_usb.c.obj
LOAD CMakeFiles/remote_cube_sentry.elf.dir/Middlewares/ST/STM32_USB_Device_Library/Class/CDC/Src/usbd_cdc.c.obj
LOAD CMakeFiles/remote_cube_sentry.elf.dir/Middlewares/ST/STM32_USB_Device_Library/Core/Src/usbd_core.c.obj
LOAD CMakeFiles/remote_cube_sentry.elf.dir/Middlewares/ST/STM32_USB_Device_Library/Core/Src/usbd_ctlreq.c.obj
LOAD CMakeFiles/remote_cube_sentry.elf.dir/Middlewares/ST/STM32_USB_Device_Library/Core/Src/usbd_ioreq.c.obj
LOAD CMakeFiles/remote_cube_sentry.elf.dir/Middlewares/Third_Party/FreeRTOS/Source/CMSIS_RTOS/cmsis_os.c.obj
LOAD CMakeFiles/remote_cube_sentry.elf.dir/Middlewares/Third_Party/FreeRTOS/Source/croutine.c.obj
LOAD CMakeFiles/remote_cube_sentry.elf.dir/Middlewares/Third_Party/FreeRTOS/Source/event_groups.c.obj
LOAD CMakeFiles/remote_cube_sentry.elf.dir/Middlewares/Third_Party/FreeRTOS/Source/list.c.obj
LOAD CMakeFiles/remote_cube_sentry.elf.dir/Middlewares/Third_Party/FreeRTOS/Source/portable/GCC/ARM_CM4F/port.c.obj
LOAD CMakeFiles/remote_cube_sentry.elf.dir/Middlewares/Third_Party/FreeRTOS/Source/portable/MemMang/heap_4.c.obj
LOAD CMakeFiles/remote_cube_sentry.elf.dir/Middlewares/Third_Party/FreeRTOS/Source/queue.c.obj
LOAD CMakeFiles/remote_cube_sentry.elf.dir/Middlewares/Third_Party/FreeRTOS/Source/stream_buffer.c.obj
LOAD CMakeFiles/remote_cube_sentry.elf.dir/Middlewares/Third_Party/FreeRTOS/Source/tasks.c.obj
LOAD CMakeFiles/remote_cube_sentry.elf.dir/Middlewares/Third_Party/FreeRTOS/Source/timers.c.obj
LOAD CMakeFiles/remote_cube_sentry.elf.dir/USB_DEVICE/App/usb_device.c.obj
LOAD CMakeFiles/remote_cube_sentry.elf.dir/USB_DEVICE/App/usbd_cdc_if.c.obj
LOAD CMakeFiles/remote_cube_sentry.elf.dir/USB_DEVICE/App/usbd_desc.c.obj
LOAD CMakeFiles/remote_cube_sentry.elf.dir/USB_DEVICE/Target/usbd_conf.c.obj
LOAD CMakeFiles/remote_cube_sentry.elf.dir/application/Atti.c.obj
LOAD CMakeFiles/remote_cube_sentry.elf.dir/application/Calibrate.c.obj
LOAD CMakeFiles/remote_cube_sentry.elf.dir/application/Cap.c.obj
LOAD CMakeFiles/remote_cube_sentry.elf.dir/application/Detection.c.obj
LOAD CMakeFiles/remote_cube_sentry.elf.dir/application/Feedforward_test.c.obj
LOAD CMakeFiles/remote_cube_sentry.elf.dir/application/Gimbal.c.obj
LOAD CMakeFiles/remote_cube_sentry.elf.dir/application/Referee.c.obj
LOAD CMakeFiles/remote_cube_sentry.elf.dir/application/remote.c.obj
LOAD CMakeFiles/remote_cube_sentry.elf.dir/application/steering_wheel.c.obj
LOAD CMakeFiles/remote_cube_sentry.elf.dir/application/travelling_wheel.c.obj
LOAD CMakeFiles/remote_cube_sentry.elf.dir/application/usb_task.c.obj
LOAD CMakeFiles/remote_cube_sentry.elf.dir/bsp/bsp_adc.c.obj
LOAD CMakeFiles/remote_cube_sentry.elf.dir/bsp/bsp_buzzer.c.obj
LOAD CMakeFiles/remote_cube_sentry.elf.dir/bsp/bsp_can.c.obj
LOAD CMakeFiles/remote_cube_sentry.elf.dir/bsp/bsp_crc32.c.obj
LOAD CMakeFiles/remote_cube_sentry.elf.dir/bsp/bsp_delay.c.obj
LOAD CMakeFiles/remote_cube_sentry.elf.dir/bsp/bsp_dwt.c.obj
LOAD CMakeFiles/remote_cube_sentry.elf.dir/bsp/bsp_flash.c.obj
LOAD CMakeFiles/remote_cube_sentry.elf.dir/bsp/bsp_i2c.c.obj
LOAD CMakeFiles/remote_cube_sentry.elf.dir/bsp/bsp_imu_pwm.c.obj
LOAD CMakeFiles/remote_cube_sentry.elf.dir/bsp/bsp_laser.c.obj
LOAD CMakeFiles/remote_cube_sentry.elf.dir/bsp/bsp_led.c.obj
LOAD CMakeFiles/remote_cube_sentry.elf.dir/bsp/bsp_rc.c.obj
LOAD CMakeFiles/remote_cube_sentry.elf.dir/bsp/bsp_servo_pwm.c.obj
LOAD CMakeFiles/remote_cube_sentry.elf.dir/bsp/bsp_spi.c.obj
LOAD CMakeFiles/remote_cube_sentry.elf.dir/bsp/bsp_usart.c.obj
LOAD CMakeFiles/remote_cube_sentry.elf.dir/component/algorithm/AHRS.c.obj
LOAD CMakeFiles/remote_cube_sentry.elf.dir/component/algorithm/AHRS_MiddleWare.c.obj
LOAD CMakeFiles/remote_cube_sentry.elf.dir/component/algorithm/filter.c.obj
LOAD CMakeFiles/remote_cube_sentry.elf.dir/component/algorithm/ramp.c.obj
LOAD CMakeFiles/remote_cube_sentry.elf.dir/component/algorithm/user_lib.c.obj
LOAD CMakeFiles/remote_cube_sentry.elf.dir/component/comunication/can_common.c.obj
LOAD CMakeFiles/remote_cube_sentry.elf.dir/component/comunication/decode.c.obj
LOAD CMakeFiles/remote_cube_sentry.elf.dir/component/comunication/packet.c.obj
LOAD CMakeFiles/remote_cube_sentry.elf.dir/component/controller/Feedforward.c.obj
LOAD CMakeFiles/remote_cube_sentry.elf.dir/component/controller/OLS.c.obj
LOAD CMakeFiles/remote_cube_sentry.elf.dir/component/controller/PID.c.obj
LOAD CMakeFiles/remote_cube_sentry.elf.dir/component/devices/BMI088Middleware.c.obj
LOAD CMakeFiles/remote_cube_sentry.elf.dir/component/devices/BMI088driver.c.obj
LOAD CMakeFiles/remote_cube_sentry.elf.dir/component/devices/test.c.obj
LOAD CMakeFiles/remote_cube_sentry.elf.dir/component/support/CRC8_CRC16.c.obj
LOAD CMakeFiles/remote_cube_sentry.elf.dir/component/support/fifo.c.obj
LOAD CMakeFiles/remote_cube_sentry.elf.dir/component/support/mem_mang4.c.obj
LOAD CMakeFiles/remote_cube_sentry.elf.dir/connectivity/can_hardwares.c.obj
LOAD CMakeFiles/remote_cube_sentry.elf.dir/connectivity/spi_hardwares.c.obj
LOAD CMakeFiles/remote_cube_sentry.elf.dir/connectivity/usart_hardwares.c.obj
START GROUP
LOAD c:/progra~2/armgnu~1/12977f~1.2mp/bin/../lib/gcc/arm-none-eabi/12.2.1/thumb/v7e-m+fp/hard\libgcc.a
LOAD c:/progra~2/armgnu~1/12977f~1.2mp/bin/../lib/gcc/arm-none-eabi/12.2.1/thumb/v7e-m+fp/hard\libg.a
LOAD c:/progra~2/armgnu~1/12977f~1.2mp/bin/../lib/gcc/arm-none-eabi/12.2.1/thumb/v7e-m+fp/hard\libc.a
END GROUP
LOAD c:/progra~2/armgnu~1/12977f~1.2mp/bin/../lib/gcc/arm-none-eabi/12.2.1/thumb/v7e-m+fp/hard/crtend.o
LOAD c:/progra~2/armgnu~1/12977f~1.2mp/bin/../lib/gcc/arm-none-eabi/12.2.1/thumb/v7e-m+fp/hard/crtn.o
                0x20020000                        _estack = (ORIGIN (RAM) + LENGTH (RAM))
                0x00002000                        _Min_Heap_Size = 0x2000
                0x00002000                        _Min_Stack_Size = 0x2000

.isr_vector     0x08000000      0x188
                0x08000000                        . = ALIGN (0x4)
 *(.isr_vector)
 .isr_vector    0x08000000      0x188 CMakeFiles/remote_cube_sentry.elf.dir/Core/Startup/startup_stm32f407ighx.s.obj
                0x08000000                g_pfnVectors
                0x08000188                        . = ALIGN (0x4)

.text           0x080001c0    0x11f04
                0x080001c0                        . = ALIGN (0x4)
 *(.text)
 .text          0x080001c0      0x378 c:/progra~2/armgnu~1/12977f~1.2mp/bin/../lib/gcc/arm-none-eabi/12.2.1/thumb/v7e-m+fp/hard\libgcc.a(_arm_addsubdf3.o)
                0x080001c0                __aeabi_drsub
                0x080001c8                __aeabi_dsub
                0x080001c8                __subdf3
                0x080001cc                __aeabi_dadd
                0x080001cc                __adddf3
                0x08000444                __floatunsidf
                0x08000444                __aeabi_ui2d
                0x08000464                __floatsidf
                0x08000464                __aeabi_i2d
                0x08000488                __aeabi_f2d
                0x08000488                __extendsfdf2
                0x080004cc                __floatundidf
                0x080004cc                __aeabi_ul2d
                0x080004dc                __floatdidf
                0x080004dc                __aeabi_l2d
 .text          0x08000538      0x424 c:/progra~2/armgnu~1/12977f~1.2mp/bin/../lib/gcc/arm-none-eabi/12.2.1/thumb/v7e-m+fp/hard\libgcc.a(_arm_muldivdf3.o)
                0x08000538                __aeabi_dmul
                0x08000538                __muldf3
                0x0800078c                __divdf3
                0x0800078c                __aeabi_ddiv
 .text          0x0800095c       0xa0 c:/progra~2/armgnu~1/12977f~1.2mp/bin/../lib/gcc/arm-none-eabi/12.2.1/thumb/v7e-m+fp/hard\libgcc.a(_arm_truncdfsf2.o)
                0x0800095c                __truncdfsf2
                0x0800095c                __aeabi_d2f
 .text          0x080009fc       0x30 c:/progra~2/armgnu~1/12977f~1.2mp/bin/../lib/gcc/arm-none-eabi/12.2.1/thumb/v7e-m+fp/hard\libgcc.a(_aeabi_uldivmod.o)
                0x080009fc                __aeabi_uldivmod
 .text          0x08000a2c        0x4 c:/progra~2/armgnu~1/12977f~1.2mp/bin/../lib/gcc/arm-none-eabi/12.2.1/thumb/v7e-m+fp/hard\libgcc.a(_dvmd_tls.o)
                0x08000a2c                __aeabi_idiv0
                0x08000a2c                __aeabi_ldiv0
 .text          0x08000a30      0x134 c:/progra~2/armgnu~1/12977f~1.2mp/bin/../lib/gcc/arm-none-eabi/12.2.1/thumb/v7e-m+fp/hard\libg.a(libc_a-memcpy.o)
                0x08000a30                memcpy
 *fill*         0x08000b64       0x1c 
 .text          0x08000b80       0xd8 c:/progra~2/armgnu~1/12977f~1.2mp/bin/../lib/gcc/arm-none-eabi/12.2.1/thumb/v7e-m+fp/hard\libg.a(libc_a-strlen.o)
                0x08000b80                strlen
 .text          0x08000c58      0x110 c:/progra~2/armgnu~1/12977f~1.2mp/bin/../lib/gcc/arm-none-eabi/12.2.1/thumb/v7e-m+fp/hard\libgcc.a(_arm_cmpdf2.o)
                0x08000c58                __gtdf2
                0x08000c58                __gedf2
                0x08000c60                __ltdf2
                0x08000c60                __ledf2
                0x08000c68                __nedf2
                0x08000c68                __eqdf2
                0x08000c68                __cmpdf2
                0x08000ce4                __aeabi_cdrcmple
                0x08000cf4                __aeabi_cdcmpeq
                0x08000cf4                __aeabi_cdcmple
                0x08000d04                __aeabi_dcmpeq
                0x08000d18                __aeabi_dcmplt
                0x08000d2c                __aeabi_dcmple
                0x08000d40                __aeabi_dcmpge
                0x08000d54                __aeabi_dcmpgt
 .text          0x08000d68       0x2c c:/progra~2/armgnu~1/12977f~1.2mp/bin/../lib/gcc/arm-none-eabi/12.2.1/thumb/v7e-m+fp/hard\libgcc.a(_arm_unorddf2.o)
                0x08000d68                __unorddf2
                0x08000d68                __aeabi_dcmpun
 *(.text*)
 .text.deregister_tm_clones
                0x08000d94       0x1c c:/progra~2/armgnu~1/12977f~1.2mp/bin/../lib/gcc/arm-none-eabi/12.2.1/thumb/v7e-m+fp/hard/crtbegin.o
 .text.register_tm_clones
                0x08000db0       0x24 c:/progra~2/armgnu~1/12977f~1.2mp/bin/../lib/gcc/arm-none-eabi/12.2.1/thumb/v7e-m+fp/hard/crtbegin.o
 .text.__do_global_dtors_aux
                0x08000dd4       0x28 c:/progra~2/armgnu~1/12977f~1.2mp/bin/../lib/gcc/arm-none-eabi/12.2.1/thumb/v7e-m+fp/hard/crtbegin.o
 .text.frame_dummy
                0x08000dfc       0x24 c:/progra~2/armgnu~1/12977f~1.2mp/bin/../lib/gcc/arm-none-eabi/12.2.1/thumb/v7e-m+fp/hard/crtbegin.o
 .text.MX_ADC1_Init
                0x08000e20       0x70 CMakeFiles/remote_cube_sentry.elf.dir/Core/Src/adc.c.obj
                0x08000e20                MX_ADC1_Init
 .text.HAL_ADC_MspInit
                0x08000e90       0x30 CMakeFiles/remote_cube_sentry.elf.dir/Core/Src/adc.c.obj
                0x08000e90                HAL_ADC_MspInit
 .text.MX_CAN1_Init
                0x08000ec0       0x44 CMakeFiles/remote_cube_sentry.elf.dir/Core/Src/can.c.obj
                0x08000ec0                MX_CAN1_Init
 .text.MX_CAN2_Init
                0x08000f04       0x44 CMakeFiles/remote_cube_sentry.elf.dir/Core/Src/can.c.obj
                0x08000f04                MX_CAN2_Init
 .text.HAL_CAN_MspInit
                0x08000f48      0x148 CMakeFiles/remote_cube_sentry.elf.dir/Core/Src/can.c.obj
                0x08000f48                HAL_CAN_MspInit
 .text.MX_CRC_Init
                0x08001090       0x20 CMakeFiles/remote_cube_sentry.elf.dir/Core/Src/crc.c.obj
                0x08001090                MX_CRC_Init
 .text.HAL_CRC_MspInit
                0x080010b0       0x30 CMakeFiles/remote_cube_sentry.elf.dir/Core/Src/crc.c.obj
                0x080010b0                HAL_CRC_MspInit
 .text.MX_DMA_Init
                0x080010e0       0xa8 CMakeFiles/remote_cube_sentry.elf.dir/Core/Src/dma.c.obj
                0x080010e0                MX_DMA_Init
 .text.StartDefaultTask
                0x08001188        0xe CMakeFiles/remote_cube_sentry.elf.dir/Core/Src/freertos.c.obj
                0x08001188                StartDefaultTask
 *fill*         0x08001196        0x2 
 .text.vApplicationGetIdleTaskMemory
                0x08001198       0x18 CMakeFiles/remote_cube_sentry.elf.dir/Core/Src/freertos.c.obj
                0x08001198                vApplicationGetIdleTaskMemory
 .text.MX_FREERTOS_Init
                0x080011b0      0x138 CMakeFiles/remote_cube_sentry.elf.dir/Core/Src/freertos.c.obj
                0x080011b0                MX_FREERTOS_Init
 .text.MX_GPIO_Init
                0x080012e8      0x1b0 CMakeFiles/remote_cube_sentry.elf.dir/Core/Src/gpio.c.obj
                0x080012e8                MX_GPIO_Init
 .text.CANx_SendStdData
                0x08001498       0x44 CMakeFiles/remote_cube_sentry.elf.dir/Core/Src/main.c.obj
                0x08001498                CANx_SendStdData
 .text.HAL_TIM_PeriodElapsedCallback
                0x080014dc       0x12 CMakeFiles/remote_cube_sentry.elf.dir/Core/Src/main.c.obj
                0x080014dc                HAL_TIM_PeriodElapsedCallback
 .text.Error_Handler
                0x080014ee        0x4 CMakeFiles/remote_cube_sentry.elf.dir/Core/Src/main.c.obj
                0x080014ee                Error_Handler
 *fill*         0x080014f2        0x2 
 .text.SystemClock_Config
                0x080014f4       0xd4 CMakeFiles/remote_cube_sentry.elf.dir/Core/Src/main.c.obj
                0x080014f4                SystemClock_Config
 .text.main     0x080015c8       0x8c CMakeFiles/remote_cube_sentry.elf.dir/Core/Src/main.c.obj
                0x080015c8                main
 .text.MX_RNG_Init
                0x08001654       0x20 CMakeFiles/remote_cube_sentry.elf.dir/Core/Src/rng.c.obj
                0x08001654                MX_RNG_Init
 .text.HAL_RNG_MspInit
                0x08001674       0x30 CMakeFiles/remote_cube_sentry.elf.dir/Core/Src/rng.c.obj
                0x08001674                HAL_RNG_MspInit
 .text.MX_SPI1_Init
                0x080016a4       0x48 CMakeFiles/remote_cube_sentry.elf.dir/Core/Src/spi.c.obj
                0x080016a4                MX_SPI1_Init
 .text.HAL_SPI_MspInit
                0x080016ec      0x130 CMakeFiles/remote_cube_sentry.elf.dir/Core/Src/spi.c.obj
                0x080016ec                HAL_SPI_MspInit
 .text.HAL_MspInit
                0x0800181c       0x44 CMakeFiles/remote_cube_sentry.elf.dir/Core/Src/stm32f4xx_hal_msp.c.obj
                0x0800181c                HAL_MspInit
 .text.HAL_InitTick
                0x08001860       0xa4 CMakeFiles/remote_cube_sentry.elf.dir/Core/Src/stm32f4xx_hal_timebase_tim.c.obj
                0x08001860                HAL_InitTick
 .text.NMI_Handler
                0x08001904        0x2 CMakeFiles/remote_cube_sentry.elf.dir/Core/Src/stm32f4xx_it.c.obj
                0x08001904                NMI_Handler
 .text.HardFault_Handler
                0x08001906        0x2 CMakeFiles/remote_cube_sentry.elf.dir/Core/Src/stm32f4xx_it.c.obj
                0x08001906                HardFault_Handler
 .text.MemManage_Handler
                0x08001908        0x2 CMakeFiles/remote_cube_sentry.elf.dir/Core/Src/stm32f4xx_it.c.obj
                0x08001908                MemManage_Handler
 .text.BusFault_Handler
                0x0800190a        0x2 CMakeFiles/remote_cube_sentry.elf.dir/Core/Src/stm32f4xx_it.c.obj
                0x0800190a                BusFault_Handler
 .text.UsageFault_Handler
                0x0800190c        0x2 CMakeFiles/remote_cube_sentry.elf.dir/Core/Src/stm32f4xx_it.c.obj
                0x0800190c                UsageFault_Handler
 .text.DebugMon_Handler
                0x0800190e        0x2 CMakeFiles/remote_cube_sentry.elf.dir/Core/Src/stm32f4xx_it.c.obj
                0x0800190e                DebugMon_Handler
 .text.EXTI0_IRQHandler
                0x08001910        0xa CMakeFiles/remote_cube_sentry.elf.dir/Core/Src/stm32f4xx_it.c.obj
                0x08001910                EXTI0_IRQHandler
 .text.EXTI4_IRQHandler
                0x0800191a        0xa CMakeFiles/remote_cube_sentry.elf.dir/Core/Src/stm32f4xx_it.c.obj
                0x0800191a                EXTI4_IRQHandler
 .text.DMA1_Stream1_IRQHandler
                0x08001924       0x10 CMakeFiles/remote_cube_sentry.elf.dir/Core/Src/stm32f4xx_it.c.obj
                0x08001924                DMA1_Stream1_IRQHandler
 .text.CAN1_RX0_IRQHandler
                0x08001934       0x10 CMakeFiles/remote_cube_sentry.elf.dir/Core/Src/stm32f4xx_it.c.obj
                0x08001934                CAN1_RX0_IRQHandler
 .text.CAN1_RX1_IRQHandler
                0x08001944       0x10 CMakeFiles/remote_cube_sentry.elf.dir/Core/Src/stm32f4xx_it.c.obj
                0x08001944                CAN1_RX1_IRQHandler
 .text.EXTI9_5_IRQHandler
                0x08001954        0xa CMakeFiles/remote_cube_sentry.elf.dir/Core/Src/stm32f4xx_it.c.obj
                0x08001954                EXTI9_5_IRQHandler
 *fill*         0x0800195e        0x2 
 .text.TIM2_IRQHandler
                0x08001960       0x10 CMakeFiles/remote_cube_sentry.elf.dir/Core/Src/stm32f4xx_it.c.obj
                0x08001960                TIM2_IRQHandler
 .text.DMA2_Stream1_IRQHandler
                0x08001970       0x10 CMakeFiles/remote_cube_sentry.elf.dir/Core/Src/stm32f4xx_it.c.obj
                0x08001970                DMA2_Stream1_IRQHandler
 .text.DMA2_Stream3_IRQHandler
                0x08001980       0x10 CMakeFiles/remote_cube_sentry.elf.dir/Core/Src/stm32f4xx_it.c.obj
                0x08001980                DMA2_Stream3_IRQHandler
 .text.CAN2_RX0_IRQHandler
                0x08001990       0x10 CMakeFiles/remote_cube_sentry.elf.dir/Core/Src/stm32f4xx_it.c.obj
                0x08001990                CAN2_RX0_IRQHandler
 .text.CAN2_RX1_IRQHandler
                0x080019a0       0x10 CMakeFiles/remote_cube_sentry.elf.dir/Core/Src/stm32f4xx_it.c.obj
                0x080019a0                CAN2_RX1_IRQHandler
 .text.OTG_FS_IRQHandler
                0x080019b0       0x10 CMakeFiles/remote_cube_sentry.elf.dir/Core/Src/stm32f4xx_it.c.obj
                0x080019b0                OTG_FS_IRQHandler
 .text.DMA2_Stream5_IRQHandler
                0x080019c0       0x10 CMakeFiles/remote_cube_sentry.elf.dir/Core/Src/stm32f4xx_it.c.obj
                0x080019c0                DMA2_Stream5_IRQHandler
 .text.DMA2_Stream6_IRQHandler
                0x080019d0       0x10 CMakeFiles/remote_cube_sentry.elf.dir/Core/Src/stm32f4xx_it.c.obj
                0x080019d0                DMA2_Stream6_IRQHandler
 .text.DMA2_Stream7_IRQHandler
                0x080019e0       0x10 CMakeFiles/remote_cube_sentry.elf.dir/Core/Src/stm32f4xx_it.c.obj
                0x080019e0                DMA2_Stream7_IRQHandler
 .text._sbrk    0x080019f0       0x48 CMakeFiles/remote_cube_sentry.elf.dir/Core/Src/sysmem.c.obj
                0x080019f0                _sbrk
 .text.SystemInit
                0x08001a38       0x14 CMakeFiles/remote_cube_sentry.elf.dir/Core/Src/system_stm32f4xx.c.obj
                0x08001a38                SystemInit
 .text.HAL_TIM_PWM_MspInit
                0x08001a4c       0xb4 CMakeFiles/remote_cube_sentry.elf.dir/Core/Src/tim.c.obj
                0x08001a4c                HAL_TIM_PWM_MspInit
 .text.HAL_TIM_Base_MspInit
                0x08001b00       0x78 CMakeFiles/remote_cube_sentry.elf.dir/Core/Src/tim.c.obj
                0x08001b00                HAL_TIM_Base_MspInit
 .text.HAL_TIM_MspPostInit
                0x08001b78      0x20c CMakeFiles/remote_cube_sentry.elf.dir/Core/Src/tim.c.obj
                0x08001b78                HAL_TIM_MspPostInit
 .text.MX_TIM1_Init
                0x08001d84       0xbc CMakeFiles/remote_cube_sentry.elf.dir/Core/Src/tim.c.obj
                0x08001d84                MX_TIM1_Init
 .text.MX_TIM3_Init
                0x08001e40       0x80 CMakeFiles/remote_cube_sentry.elf.dir/Core/Src/tim.c.obj
                0x08001e40                MX_TIM3_Init
 .text.MX_TIM4_Init
                0x08001ec0       0xb0 CMakeFiles/remote_cube_sentry.elf.dir/Core/Src/tim.c.obj
                0x08001ec0                MX_TIM4_Init
 .text.MX_TIM5_Init
                0x08001f70       0xd4 CMakeFiles/remote_cube_sentry.elf.dir/Core/Src/tim.c.obj
                0x08001f70                MX_TIM5_Init
 .text.MX_TIM8_Init
                0x08002044       0xc0 CMakeFiles/remote_cube_sentry.elf.dir/Core/Src/tim.c.obj
                0x08002044                MX_TIM8_Init
 .text.MX_TIM10_Init
                0x08002104       0x74 CMakeFiles/remote_cube_sentry.elf.dir/Core/Src/tim.c.obj
                0x08002104                MX_TIM10_Init
 .text.MX_USART1_UART_Init
                0x08002178       0x34 CMakeFiles/remote_cube_sentry.elf.dir/Core/Src/usart.c.obj
                0x08002178                MX_USART1_UART_Init
 .text.MX_USART3_UART_Init
                0x080021ac       0x3c CMakeFiles/remote_cube_sentry.elf.dir/Core/Src/usart.c.obj
                0x080021ac                MX_USART3_UART_Init
 .text.MX_USART6_UART_Init
                0x080021e8       0x34 CMakeFiles/remote_cube_sentry.elf.dir/Core/Src/usart.c.obj
                0x080021e8                MX_USART6_UART_Init
 .text.HAL_UART_MspInit
                0x0800221c      0x2d0 CMakeFiles/remote_cube_sentry.elf.dir/Core/Src/usart.c.obj
                0x0800221c                HAL_UART_MspInit
 .text.Reset_Handler
                0x080024ec       0x50 CMakeFiles/remote_cube_sentry.elf.dir/Core/Startup/startup_stm32f407ighx.s.obj
                0x080024ec                Reset_Handler
 .text.Default_Handler
                0x0800253c        0x2 CMakeFiles/remote_cube_sentry.elf.dir/Core/Startup/startup_stm32f407ighx.s.obj
                0x0800253c                RTC_Alarm_IRQHandler
                0x0800253c                HASH_RNG_IRQHandler
                0x0800253c                EXTI2_IRQHandler
                0x0800253c                TIM8_CC_IRQHandler
                0x0800253c                TIM1_CC_IRQHandler
                0x0800253c                DMA1_Stream5_IRQHandler
                0x0800253c                PVD_IRQHandler
                0x0800253c                SDIO_IRQHandler
                0x0800253c                TAMP_STAMP_IRQHandler
                0x0800253c                EXTI3_IRQHandler
                0x0800253c                TIM8_TRG_COM_TIM14_IRQHandler
                0x0800253c                TIM1_UP_TIM10_IRQHandler
                0x0800253c                TIM8_UP_TIM13_IRQHandler
                0x0800253c                I2C3_ER_IRQHandler
                0x0800253c                I2C2_EV_IRQHandler
                0x0800253c                DMA1_Stream2_IRQHandler
                0x0800253c                FPU_IRQHandler
                0x0800253c                OTG_HS_WKUP_IRQHandler
                0x0800253c                CAN2_SCE_IRQHandler
                0x0800253c                SPI1_IRQHandler
                0x0800253c                TIM6_DAC_IRQHandler
                0x0800253c                TIM1_BRK_TIM9_IRQHandler
                0x0800253c                DCMI_IRQHandler
                0x0800253c                UART5_IRQHandler
                0x0800253c                DMA2_Stream0_IRQHandler
                0x0800253c                TIM4_IRQHandler
                0x0800253c                I2C1_EV_IRQHandler
                0x0800253c                DMA1_Stream6_IRQHandler
                0x0800253c                UART4_IRQHandler
                0x0800253c                TIM3_IRQHandler
                0x0800253c                RCC_IRQHandler
                0x0800253c                TIM8_BRK_TIM12_IRQHandler
                0x0800253c                Default_Handler
                0x0800253c                EXTI15_10_IRQHandler
                0x0800253c                ADC_IRQHandler
                0x0800253c                DMA1_Stream7_IRQHandler
                0x0800253c                TIM7_IRQHandler
                0x0800253c                CAN2_TX_IRQHandler
                0x0800253c                TIM5_IRQHandler
                0x0800253c                I2C3_EV_IRQHandler
                0x0800253c                RTC_WKUP_IRQHandler
                0x0800253c                ETH_WKUP_IRQHandler
                0x0800253c                SPI2_IRQHandler
                0x0800253c                OTG_HS_EP1_IN_IRQHandler
                0x0800253c                DMA1_Stream0_IRQHandler
                0x0800253c                CAN1_TX_IRQHandler
                0x0800253c                FSMC_IRQHandler
                0x0800253c                ETH_IRQHandler
                0x0800253c                OTG_HS_EP1_OUT_IRQHandler
                0x0800253c                WWDG_IRQHandler
                0x0800253c                OTG_FS_WKUP_IRQHandler
                0x0800253c                TIM1_TRG_COM_TIM11_IRQHandler
                0x0800253c                OTG_HS_IRQHandler
                0x0800253c                EXTI1_IRQHandler
                0x0800253c                USART2_IRQHandler
                0x0800253c                I2C2_ER_IRQHandler
                0x0800253c                CAN1_SCE_IRQHandler
                0x0800253c                FLASH_IRQHandler
                0x0800253c                DMA2_Stream4_IRQHandler
                0x0800253c                SPI3_IRQHandler
                0x0800253c                DMA1_Stream4_IRQHandler
                0x0800253c                I2C1_ER_IRQHandler
                0x0800253c                DMA1_Stream3_IRQHandler
 *fill*         0x0800253e        0x2 
 .text.HAL_Init
                0x08002540       0x34 CMakeFiles/remote_cube_sentry.elf.dir/Drivers/STM32F4xx_HAL_Driver/Src/stm32f4xx_hal.c.obj
                0x08002540                HAL_Init
 .text.HAL_IncTick
                0x08002574       0x18 CMakeFiles/remote_cube_sentry.elf.dir/Drivers/STM32F4xx_HAL_Driver/Src/stm32f4xx_hal.c.obj
                0x08002574                HAL_IncTick
 .text.HAL_GetTick
                0x0800258c        0xc CMakeFiles/remote_cube_sentry.elf.dir/Drivers/STM32F4xx_HAL_Driver/Src/stm32f4xx_hal.c.obj
                0x0800258c                HAL_GetTick
 .text.HAL_Delay
                0x08002598       0x28 CMakeFiles/remote_cube_sentry.elf.dir/Drivers/STM32F4xx_HAL_Driver/Src/stm32f4xx_hal.c.obj
                0x08002598                HAL_Delay
 .text.ADC_Init
                0x080025c0      0x134 CMakeFiles/remote_cube_sentry.elf.dir/Drivers/STM32F4xx_HAL_Driver/Src/stm32f4xx_hal_adc.c.obj
 .text.HAL_ADC_Init
                0x080026f4       0x56 CMakeFiles/remote_cube_sentry.elf.dir/Drivers/STM32F4xx_HAL_Driver/Src/stm32f4xx_hal_adc.c.obj
                0x080026f4                HAL_ADC_Init
 *fill*         0x0800274a        0x2 
 .text.HAL_ADC_Start
                0x0800274c      0x144 CMakeFiles/remote_cube_sentry.elf.dir/Drivers/STM32F4xx_HAL_Driver/Src/stm32f4xx_hal_adc.c.obj
                0x0800274c                HAL_ADC_Start
 .text.HAL_ADC_PollForConversion
                0x08002890       0xb8 CMakeFiles/remote_cube_sentry.elf.dir/Drivers/STM32F4xx_HAL_Driver/Src/stm32f4xx_hal_adc.c.obj
                0x08002890                HAL_ADC_PollForConversion
 .text.HAL_ADC_GetValue
                0x08002948        0x6 CMakeFiles/remote_cube_sentry.elf.dir/Drivers/STM32F4xx_HAL_Driver/Src/stm32f4xx_hal_adc.c.obj
                0x08002948                HAL_ADC_GetValue
 *fill*         0x0800294e        0x2 
 .text.HAL_ADC_ConfigChannel
                0x08002950      0x194 CMakeFiles/remote_cube_sentry.elf.dir/Drivers/STM32F4xx_HAL_Driver/Src/stm32f4xx_hal_adc.c.obj
                0x08002950                HAL_ADC_ConfigChannel
 .text.HAL_CAN_Init
                0x08002ae4      0x14c CMakeFiles/remote_cube_sentry.elf.dir/Drivers/STM32F4xx_HAL_Driver/Src/stm32f4xx_hal_can.c.obj
                0x08002ae4                HAL_CAN_Init
 .text.HAL_CAN_ConfigFilter
                0x08002c30      0x138 CMakeFiles/remote_cube_sentry.elf.dir/Drivers/STM32F4xx_HAL_Driver/Src/stm32f4xx_hal_can.c.obj
                0x08002c30                HAL_CAN_ConfigFilter
 .text.HAL_CAN_Start
                0x08002d68       0x5c CMakeFiles/remote_cube_sentry.elf.dir/Drivers/STM32F4xx_HAL_Driver/Src/stm32f4xx_hal_can.c.obj
                0x08002d68                HAL_CAN_Start
 .text.HAL_CAN_AddTxMessage
                0x08002dc4       0xfc CMakeFiles/remote_cube_sentry.elf.dir/Drivers/STM32F4xx_HAL_Driver/Src/stm32f4xx_hal_can.c.obj
                0x08002dc4                HAL_CAN_AddTxMessage
 .text.HAL_CAN_GetRxMessage
                0x08002ec0      0x14a CMakeFiles/remote_cube_sentry.elf.dir/Drivers/STM32F4xx_HAL_Driver/Src/stm32f4xx_hal_can.c.obj
                0x08002ec0                HAL_CAN_GetRxMessage
 .text.HAL_CAN_GetRxFifoFillLevel
                0x0800300a       0x26 CMakeFiles/remote_cube_sentry.elf.dir/Drivers/STM32F4xx_HAL_Driver/Src/stm32f4xx_hal_can.c.obj
                0x0800300a                HAL_CAN_GetRxFifoFillLevel
 .text.HAL_CAN_ActivateNotification
                0x08003030       0x24 CMakeFiles/remote_cube_sentry.elf.dir/Drivers/STM32F4xx_HAL_Driver/Src/stm32f4xx_hal_can.c.obj
                0x08003030                HAL_CAN_ActivateNotification
 .text.HAL_CAN_TxMailbox0CompleteCallback
                0x08003054        0x2 CMakeFiles/remote_cube_sentry.elf.dir/Drivers/STM32F4xx_HAL_Driver/Src/stm32f4xx_hal_can.c.obj
                0x08003054                HAL_CAN_TxMailbox0CompleteCallback
 .text.HAL_CAN_TxMailbox1CompleteCallback
                0x08003056        0x2 CMakeFiles/remote_cube_sentry.elf.dir/Drivers/STM32F4xx_HAL_Driver/Src/stm32f4xx_hal_can.c.obj
                0x08003056                HAL_CAN_TxMailbox1CompleteCallback
 .text.HAL_CAN_TxMailbox2CompleteCallback
                0x08003058        0x2 CMakeFiles/remote_cube_sentry.elf.dir/Drivers/STM32F4xx_HAL_Driver/Src/stm32f4xx_hal_can.c.obj
                0x08003058                HAL_CAN_TxMailbox2CompleteCallback
 .text.HAL_CAN_TxMailbox0AbortCallback
                0x0800305a        0x2 CMakeFiles/remote_cube_sentry.elf.dir/Drivers/STM32F4xx_HAL_Driver/Src/stm32f4xx_hal_can.c.obj
                0x0800305a                HAL_CAN_TxMailbox0AbortCallback
 .text.HAL_CAN_TxMailbox1AbortCallback
                0x0800305c        0x2 CMakeFiles/remote_cube_sentry.elf.dir/Drivers/STM32F4xx_HAL_Driver/Src/stm32f4xx_hal_can.c.obj
                0x0800305c                HAL_CAN_TxMailbox1AbortCallback
 .text.HAL_CAN_TxMailbox2AbortCallback
                0x0800305e        0x2 CMakeFiles/remote_cube_sentry.elf.dir/Drivers/STM32F4xx_HAL_Driver/Src/stm32f4xx_hal_can.c.obj
                0x0800305e                HAL_CAN_TxMailbox2AbortCallback
 .text.HAL_CAN_RxFifo0FullCallback
                0x08003060        0x2 CMakeFiles/remote_cube_sentry.elf.dir/Drivers/STM32F4xx_HAL_Driver/Src/stm32f4xx_hal_can.c.obj
                0x08003060                HAL_CAN_RxFifo0FullCallback
 .text.HAL_CAN_RxFifo1FullCallback
                0x08003062        0x2 CMakeFiles/remote_cube_sentry.elf.dir/Drivers/STM32F4xx_HAL_Driver/Src/stm32f4xx_hal_can.c.obj
                0x08003062                HAL_CAN_RxFifo1FullCallback
 .text.HAL_CAN_SleepCallback
                0x08003064        0x2 CMakeFiles/remote_cube_sentry.elf.dir/Drivers/STM32F4xx_HAL_Driver/Src/stm32f4xx_hal_can.c.obj
                0x08003064                HAL_CAN_SleepCallback
 .text.HAL_CAN_WakeUpFromRxMsgCallback
                0x08003066        0x2 CMakeFiles/remote_cube_sentry.elf.dir/Drivers/STM32F4xx_HAL_Driver/Src/stm32f4xx_hal_can.c.obj
                0x08003066                HAL_CAN_WakeUpFromRxMsgCallback
 .text.HAL_CAN_ErrorCallback
                0x08003068        0x2 CMakeFiles/remote_cube_sentry.elf.dir/Drivers/STM32F4xx_HAL_Driver/Src/stm32f4xx_hal_can.c.obj
                0x08003068                HAL_CAN_ErrorCallback
 .text.HAL_CAN_IRQHandler
                0x0800306a      0x24a CMakeFiles/remote_cube_sentry.elf.dir/Drivers/STM32F4xx_HAL_Driver/Src/stm32f4xx_hal_can.c.obj
                0x0800306a                HAL_CAN_IRQHandler
 .text.__NVIC_SetPriority
                0x080032b4       0x28 CMakeFiles/remote_cube_sentry.elf.dir/Drivers/STM32F4xx_HAL_Driver/Src/stm32f4xx_hal_cortex.c.obj
 .text.NVIC_EncodePriority
                0x080032dc       0x3e CMakeFiles/remote_cube_sentry.elf.dir/Drivers/STM32F4xx_HAL_Driver/Src/stm32f4xx_hal_cortex.c.obj
 *fill*         0x0800331a        0x2 
 .text.HAL_NVIC_SetPriorityGrouping
                0x0800331c       0x24 CMakeFiles/remote_cube_sentry.elf.dir/Drivers/STM32F4xx_HAL_Driver/Src/stm32f4xx_hal_cortex.c.obj
                0x0800331c                HAL_NVIC_SetPriorityGrouping
 .text.HAL_NVIC_SetPriority
                0x08003340       0x20 CMakeFiles/remote_cube_sentry.elf.dir/Drivers/STM32F4xx_HAL_Driver/Src/stm32f4xx_hal_cortex.c.obj
                0x08003340                HAL_NVIC_SetPriority
 .text.HAL_NVIC_EnableIRQ
                0x08003360       0x1c CMakeFiles/remote_cube_sentry.elf.dir/Drivers/STM32F4xx_HAL_Driver/Src/stm32f4xx_hal_cortex.c.obj
                0x08003360                HAL_NVIC_EnableIRQ
 .text.HAL_CRC_Init
                0x0800337c       0x1e CMakeFiles/remote_cube_sentry.elf.dir/Drivers/STM32F4xx_HAL_Driver/Src/stm32f4xx_hal_crc.c.obj
                0x0800337c                HAL_CRC_Init
 .text.DMA_SetConfig
                0x0800339a       0x2c CMakeFiles/remote_cube_sentry.elf.dir/Drivers/STM32F4xx_HAL_Driver/Src/stm32f4xx_hal_dma.c.obj
 *fill*         0x080033c6        0x2 
 .text.DMA_CalcBaseAndBitshift
                0x080033c8       0x44 CMakeFiles/remote_cube_sentry.elf.dir/Drivers/STM32F4xx_HAL_Driver/Src/stm32f4xx_hal_dma.c.obj
 .text.DMA_CheckFifoParam
                0x0800340c       0x8e CMakeFiles/remote_cube_sentry.elf.dir/Drivers/STM32F4xx_HAL_Driver/Src/stm32f4xx_hal_dma.c.obj
 *fill*         0x0800349a        0x2 
 .text.HAL_DMA_Init
                0x0800349c       0xcc CMakeFiles/remote_cube_sentry.elf.dir/Drivers/STM32F4xx_HAL_Driver/Src/stm32f4xx_hal_dma.c.obj
                0x0800349c                HAL_DMA_Init
 .text.HAL_DMA_Start_IT
                0x08003568       0x6a CMakeFiles/remote_cube_sentry.elf.dir/Drivers/STM32F4xx_HAL_Driver/Src/stm32f4xx_hal_dma.c.obj
                0x08003568                HAL_DMA_Start_IT
 *fill*         0x080035d2        0x2 
 .text.HAL_DMA_IRQHandler
                0x080035d4      0x1dc CMakeFiles/remote_cube_sentry.elf.dir/Drivers/STM32F4xx_HAL_Driver/Src/stm32f4xx_hal_dma.c.obj
                0x080035d4                HAL_DMA_IRQHandler
 .text.FLASH_Program_DoubleWord
                0x080037b0       0x30 CMakeFiles/remote_cube_sentry.elf.dir/Drivers/STM32F4xx_HAL_Driver/Src/stm32f4xx_hal_flash.c.obj
 .text.FLASH_Program_Word
                0x080037e0       0x24 CMakeFiles/remote_cube_sentry.elf.dir/Drivers/STM32F4xx_HAL_Driver/Src/stm32f4xx_hal_flash.c.obj
 .text.FLASH_Program_HalfWord
                0x08003804       0x24 CMakeFiles/remote_cube_sentry.elf.dir/Drivers/STM32F4xx_HAL_Driver/Src/stm32f4xx_hal_flash.c.obj
 .text.FLASH_Program_Byte
                0x08003828       0x20 CMakeFiles/remote_cube_sentry.elf.dir/Drivers/STM32F4xx_HAL_Driver/Src/stm32f4xx_hal_flash.c.obj
 .text.FLASH_SetErrorCode
                0x08003848       0x8c CMakeFiles/remote_cube_sentry.elf.dir/Drivers/STM32F4xx_HAL_Driver/Src/stm32f4xx_hal_flash.c.obj
 .text.HAL_FLASH_Unlock
                0x080038d4       0x30 CMakeFiles/remote_cube_sentry.elf.dir/Drivers/STM32F4xx_HAL_Driver/Src/stm32f4xx_hal_flash.c.obj
                0x080038d4                HAL_FLASH_Unlock
 .text.HAL_FLASH_Lock
                0x08003904       0x14 CMakeFiles/remote_cube_sentry.elf.dir/Drivers/STM32F4xx_HAL_Driver/Src/stm32f4xx_hal_flash.c.obj
                0x08003904                HAL_FLASH_Lock
 .text.FLASH_WaitForLastOperation
                0x08003918       0x60 CMakeFiles/remote_cube_sentry.elf.dir/Drivers/STM32F4xx_HAL_Driver/Src/stm32f4xx_hal_flash.c.obj
                0x08003918                FLASH_WaitForLastOperation
 .text.HAL_FLASH_Program
                0x08003978       0x7c CMakeFiles/remote_cube_sentry.elf.dir/Drivers/STM32F4xx_HAL_Driver/Src/stm32f4xx_hal_flash.c.obj
                0x08003978                HAL_FLASH_Program
 .text.FLASH_MassErase
                0x080039f4       0x24 CMakeFiles/remote_cube_sentry.elf.dir/Drivers/STM32F4xx_HAL_Driver/Src/stm32f4xx_hal_flash_ex.c.obj
 .text.FLASH_Erase_Sector
                0x08003a18       0x4c CMakeFiles/remote_cube_sentry.elf.dir/Drivers/STM32F4xx_HAL_Driver/Src/stm32f4xx_hal_flash_ex.c.obj
                0x08003a18                FLASH_Erase_Sector
 .text.FLASH_FlushCaches
                0x08003a64       0x60 CMakeFiles/remote_cube_sentry.elf.dir/Drivers/STM32F4xx_HAL_Driver/Src/stm32f4xx_hal_flash_ex.c.obj
                0x08003a64                FLASH_FlushCaches
 .text.HAL_FLASHEx_Erase
                0x08003ac4       0x94 CMakeFiles/remote_cube_sentry.elf.dir/Drivers/STM32F4xx_HAL_Driver/Src/stm32f4xx_hal_flash_ex.c.obj
                0x08003ac4                HAL_FLASHEx_Erase
 .text.HAL_GPIO_Init
                0x08003b58      0x1ec CMakeFiles/remote_cube_sentry.elf.dir/Drivers/STM32F4xx_HAL_Driver/Src/stm32f4xx_hal_gpio.c.obj
                0x08003b58                HAL_GPIO_Init
 .text.HAL_GPIO_WritePin
                0x08003d44        0xc CMakeFiles/remote_cube_sentry.elf.dir/Drivers/STM32F4xx_HAL_Driver/Src/stm32f4xx_hal_gpio.c.obj
                0x08003d44                HAL_GPIO_WritePin
 .text.HAL_GPIO_EXTI_IRQHandler
                0x08003d50       0x1c CMakeFiles/remote_cube_sentry.elf.dir/Drivers/STM32F4xx_HAL_Driver/Src/stm32f4xx_hal_gpio.c.obj
                0x08003d50                HAL_GPIO_EXTI_IRQHandler
 .text.PCD_WriteEmptyTxFifo
                0x08003d6c       0xd0 CMakeFiles/remote_cube_sentry.elf.dir/Drivers/STM32F4xx_HAL_Driver/Src/stm32f4xx_hal_pcd.c.obj
 .text.HAL_PCD_Init
                0x08003e3c      0x12e CMakeFiles/remote_cube_sentry.elf.dir/Drivers/STM32F4xx_HAL_Driver/Src/stm32f4xx_hal_pcd.c.obj
                0x08003e3c                HAL_PCD_Init
 .text.HAL_PCD_Start
                0x08003f6a       0x42 CMakeFiles/remote_cube_sentry.elf.dir/Drivers/STM32F4xx_HAL_Driver/Src/stm32f4xx_hal_pcd.c.obj
                0x08003f6a                HAL_PCD_Start
 .text.PCD_EP_OutXfrComplete_int
                0x08003fac      0x104 CMakeFiles/remote_cube_sentry.elf.dir/Drivers/STM32F4xx_HAL_Driver/Src/stm32f4xx_hal_pcd.c.obj
 .text.PCD_EP_OutSetupPacket_int
                0x080040b0       0x50 CMakeFiles/remote_cube_sentry.elf.dir/Drivers/STM32F4xx_HAL_Driver/Src/stm32f4xx_hal_pcd.c.obj
 .text.HAL_PCD_SetAddress
                0x08004100       0x28 CMakeFiles/remote_cube_sentry.elf.dir/Drivers/STM32F4xx_HAL_Driver/Src/stm32f4xx_hal_pcd.c.obj
                0x08004100                HAL_PCD_SetAddress
 .text.HAL_PCD_EP_Open
                0x08004128       0x8a CMakeFiles/remote_cube_sentry.elf.dir/Drivers/STM32F4xx_HAL_Driver/Src/stm32f4xx_hal_pcd.c.obj
                0x08004128                HAL_PCD_EP_Open
 .text.HAL_PCD_EP_Close
                0x080041b2       0x72 CMakeFiles/remote_cube_sentry.elf.dir/Drivers/STM32F4xx_HAL_Driver/Src/stm32f4xx_hal_pcd.c.obj
                0x080041b2                HAL_PCD_EP_Close
 .text.HAL_PCD_EP_Receive
                0x08004224       0x5e CMakeFiles/remote_cube_sentry.elf.dir/Drivers/STM32F4xx_HAL_Driver/Src/stm32f4xx_hal_pcd.c.obj
                0x08004224                HAL_PCD_EP_Receive
 .text.HAL_PCD_EP_GetRxCount
                0x08004282       0x12 CMakeFiles/remote_cube_sentry.elf.dir/Drivers/STM32F4xx_HAL_Driver/Src/stm32f4xx_hal_pcd.c.obj
                0x08004282                HAL_PCD_EP_GetRxCount
 .text.HAL_PCD_EP_Transmit
                0x08004294       0x5e CMakeFiles/remote_cube_sentry.elf.dir/Drivers/STM32F4xx_HAL_Driver/Src/stm32f4xx_hal_pcd.c.obj
                0x08004294                HAL_PCD_EP_Transmit
 .text.HAL_PCD_EP_SetStall
                0x080042f2       0x88 CMakeFiles/remote_cube_sentry.elf.dir/Drivers/STM32F4xx_HAL_Driver/Src/stm32f4xx_hal_pcd.c.obj
                0x080042f2                HAL_PCD_EP_SetStall
 .text.HAL_PCD_EP_ClrStall
                0x0800437a       0x76 CMakeFiles/remote_cube_sentry.elf.dir/Drivers/STM32F4xx_HAL_Driver/Src/stm32f4xx_hal_pcd.c.obj
                0x0800437a                HAL_PCD_EP_ClrStall
 .text.HAL_PCD_EP_Abort
                0x080043f0       0x34 CMakeFiles/remote_cube_sentry.elf.dir/Drivers/STM32F4xx_HAL_Driver/Src/stm32f4xx_hal_pcd.c.obj
                0x080043f0                HAL_PCD_EP_Abort
 .text.HAL_PCD_IRQHandler
                0x08004424      0x5c4 CMakeFiles/remote_cube_sentry.elf.dir/Drivers/STM32F4xx_HAL_Driver/Src/stm32f4xx_hal_pcd.c.obj
                0x08004424                HAL_PCD_IRQHandler
 .text.HAL_PCDEx_SetTxFiFo
                0x080049e8       0x4c CMakeFiles/remote_cube_sentry.elf.dir/Drivers/STM32F4xx_HAL_Driver/Src/stm32f4xx_hal_pcd_ex.c.obj
                0x080049e8                HAL_PCDEx_SetTxFiFo
 .text.HAL_PCDEx_SetRxFiFo
                0x08004a34        0x8 CMakeFiles/remote_cube_sentry.elf.dir/Drivers/STM32F4xx_HAL_Driver/Src/stm32f4xx_hal_pcd_ex.c.obj
                0x08004a34                HAL_PCDEx_SetRxFiFo
 .text.HAL_PCDEx_LPM_Callback
                0x08004a3c        0x2 CMakeFiles/remote_cube_sentry.elf.dir/Drivers/STM32F4xx_HAL_Driver/Src/stm32f4xx_hal_pcd_ex.c.obj
                0x08004a3c                HAL_PCDEx_LPM_Callback
 *fill*         0x08004a3e        0x2 
 .text.HAL_RCC_OscConfig
                0x08004a40      0x3f8 CMakeFiles/remote_cube_sentry.elf.dir/Drivers/STM32F4xx_HAL_Driver/Src/stm32f4xx_hal_rcc.c.obj
                0x08004a40                HAL_RCC_OscConfig
 .text.HAL_RCC_GetSysClockFreq
                0x08004e38       0xa8 CMakeFiles/remote_cube_sentry.elf.dir/Drivers/STM32F4xx_HAL_Driver/Src/stm32f4xx_hal_rcc.c.obj
                0x08004e38                HAL_RCC_GetSysClockFreq
 .text.HAL_RCC_ClockConfig
                0x08004ee0      0x160 CMakeFiles/remote_cube_sentry.elf.dir/Drivers/STM32F4xx_HAL_Driver/Src/stm32f4xx_hal_rcc.c.obj
                0x08004ee0                HAL_RCC_ClockConfig
 .text.HAL_RCC_GetHCLKFreq
                0x08005040        0xc CMakeFiles/remote_cube_sentry.elf.dir/Drivers/STM32F4xx_HAL_Driver/Src/stm32f4xx_hal_rcc.c.obj
                0x08005040                HAL_RCC_GetHCLKFreq
 .text.HAL_RCC_GetPCLK1Freq
                0x0800504c       0x20 CMakeFiles/remote_cube_sentry.elf.dir/Drivers/STM32F4xx_HAL_Driver/Src/stm32f4xx_hal_rcc.c.obj
                0x0800504c                HAL_RCC_GetPCLK1Freq
 .text.HAL_RCC_GetPCLK2Freq
                0x0800506c       0x20 CMakeFiles/remote_cube_sentry.elf.dir/Drivers/STM32F4xx_HAL_Driver/Src/stm32f4xx_hal_rcc.c.obj
                0x0800506c                HAL_RCC_GetPCLK2Freq
 .text.HAL_RCC_GetClockConfig
                0x0800508c       0x3c CMakeFiles/remote_cube_sentry.elf.dir/Drivers/STM32F4xx_HAL_Driver/Src/stm32f4xx_hal_rcc.c.obj
                0x0800508c                HAL_RCC_GetClockConfig
 .text.HAL_RNG_Init
                0x080050c8       0x2e CMakeFiles/remote_cube_sentry.elf.dir/Drivers/STM32F4xx_HAL_Driver/Src/stm32f4xx_hal_rng.c.obj
                0x080050c8                HAL_RNG_Init
 *fill*         0x080050f6        0x2 
 .text.SPI_WaitFlagStateUntilTimeout
                0x080050f8       0xc8 CMakeFiles/remote_cube_sentry.elf.dir/Drivers/STM32F4xx_HAL_Driver/Src/stm32f4xx_hal_spi.c.obj
 .text.SPI_EndRxTxTransaction
                0x080051c0       0x68 CMakeFiles/remote_cube_sentry.elf.dir/Drivers/STM32F4xx_HAL_Driver/Src/stm32f4xx_hal_spi.c.obj
 .text.HAL_SPI_Init
                0x08005228       0xbe CMakeFiles/remote_cube_sentry.elf.dir/Drivers/STM32F4xx_HAL_Driver/Src/stm32f4xx_hal_spi.c.obj
                0x08005228                HAL_SPI_Init
 .text.HAL_SPI_TransmitReceive
                0x080052e6      0x238 CMakeFiles/remote_cube_sentry.elf.dir/Drivers/STM32F4xx_HAL_Driver/Src/stm32f4xx_hal_spi.c.obj
                0x080052e6                HAL_SPI_TransmitReceive
 *fill*         0x0800551e        0x2 
 .text.TIM_OC1_SetConfig
                0x08005520       0x70 CMakeFiles/remote_cube_sentry.elf.dir/Drivers/STM32F4xx_HAL_Driver/Src/stm32f4xx_hal_tim.c.obj
 .text.TIM_OC3_SetConfig
                0x08005590       0x70 CMakeFiles/remote_cube_sentry.elf.dir/Drivers/STM32F4xx_HAL_Driver/Src/stm32f4xx_hal_tim.c.obj
 .text.TIM_OC4_SetConfig
                0x08005600       0x50 CMakeFiles/remote_cube_sentry.elf.dir/Drivers/STM32F4xx_HAL_Driver/Src/stm32f4xx_hal_tim.c.obj
 .text.TIM_TI1_ConfigInputStage
                0x08005650       0x26 CMakeFiles/remote_cube_sentry.elf.dir/Drivers/STM32F4xx_HAL_Driver/Src/stm32f4xx_hal_tim.c.obj
 .text.TIM_TI2_ConfigInputStage
                0x08005676       0x28 CMakeFiles/remote_cube_sentry.elf.dir/Drivers/STM32F4xx_HAL_Driver/Src/stm32f4xx_hal_tim.c.obj
 .text.TIM_ITRx_SetConfig
                0x0800569e       0x10 CMakeFiles/remote_cube_sentry.elf.dir/Drivers/STM32F4xx_HAL_Driver/Src/stm32f4xx_hal_tim.c.obj
 *fill*         0x080056ae        0x2 
 .text.HAL_TIM_Base_Start
                0x080056b0       0x7c CMakeFiles/remote_cube_sentry.elf.dir/Drivers/STM32F4xx_HAL_Driver/Src/stm32f4xx_hal_tim.c.obj
                0x080056b0                HAL_TIM_Base_Start
 .text.HAL_TIM_Base_Start_IT
                0x0800572c       0x88 CMakeFiles/remote_cube_sentry.elf.dir/Drivers/STM32F4xx_HAL_Driver/Src/stm32f4xx_hal_tim.c.obj
                0x0800572c                HAL_TIM_Base_Start_IT
 .text.HAL_TIM_OC_DelayElapsedCallback
                0x080057b4        0x2 CMakeFiles/remote_cube_sentry.elf.dir/Drivers/STM32F4xx_HAL_Driver/Src/stm32f4xx_hal_tim.c.obj
                0x080057b4                HAL_TIM_OC_DelayElapsedCallback
 .text.HAL_TIM_IC_CaptureCallback
                0x080057b6        0x2 CMakeFiles/remote_cube_sentry.elf.dir/Drivers/STM32F4xx_HAL_Driver/Src/stm32f4xx_hal_tim.c.obj
                0x080057b6                HAL_TIM_IC_CaptureCallback
 .text.HAL_TIM_PWM_PulseFinishedCallback
                0x080057b8        0x2 CMakeFiles/remote_cube_sentry.elf.dir/Drivers/STM32F4xx_HAL_Driver/Src/stm32f4xx_hal_tim.c.obj
                0x080057b8                HAL_TIM_PWM_PulseFinishedCallback
 .text.HAL_TIM_TriggerCallback
                0x080057ba        0x2 CMakeFiles/remote_cube_sentry.elf.dir/Drivers/STM32F4xx_HAL_Driver/Src/stm32f4xx_hal_tim.c.obj
                0x080057ba                HAL_TIM_TriggerCallback
 .text.HAL_TIM_IRQHandler
                0x080057bc      0x17a CMakeFiles/remote_cube_sentry.elf.dir/Drivers/STM32F4xx_HAL_Driver/Src/stm32f4xx_hal_tim.c.obj
                0x080057bc                HAL_TIM_IRQHandler
 *fill*         0x08005936        0x2 
 .text.TIM_Base_SetConfig
                0x08005938       0xc8 CMakeFiles/remote_cube_sentry.elf.dir/Drivers/STM32F4xx_HAL_Driver/Src/stm32f4xx_hal_tim.c.obj
                0x08005938                TIM_Base_SetConfig
 .text.HAL_TIM_Base_Init
                0x08005a00       0x58 CMakeFiles/remote_cube_sentry.elf.dir/Drivers/STM32F4xx_HAL_Driver/Src/stm32f4xx_hal_tim.c.obj
                0x08005a00                HAL_TIM_Base_Init
 .text.HAL_TIM_PWM_Init
                0x08005a58       0x58 CMakeFiles/remote_cube_sentry.elf.dir/Drivers/STM32F4xx_HAL_Driver/Src/stm32f4xx_hal_tim.c.obj
                0x08005a58                HAL_TIM_PWM_Init
 .text.TIM_OC2_SetConfig
                0x08005ab0       0x70 CMakeFiles/remote_cube_sentry.elf.dir/Drivers/STM32F4xx_HAL_Driver/Src/stm32f4xx_hal_tim.c.obj
                0x08005ab0                TIM_OC2_SetConfig
 .text.HAL_TIM_PWM_ConfigChannel
                0x08005b20       0xdc CMakeFiles/remote_cube_sentry.elf.dir/Drivers/STM32F4xx_HAL_Driver/Src/stm32f4xx_hal_tim.c.obj
                0x08005b20                HAL_TIM_PWM_ConfigChannel
 .text.TIM_ETR_SetConfig
                0x08005bfc       0x1a CMakeFiles/remote_cube_sentry.elf.dir/Drivers/STM32F4xx_HAL_Driver/Src/stm32f4xx_hal_tim.c.obj
                0x08005bfc                TIM_ETR_SetConfig
 .text.HAL_TIM_ConfigClockSource
                0x08005c16       0xfe CMakeFiles/remote_cube_sentry.elf.dir/Drivers/STM32F4xx_HAL_Driver/Src/stm32f4xx_hal_tim.c.obj
                0x08005c16                HAL_TIM_ConfigClockSource
 .text.TIM_CCxChannelCmd
                0x08005d14       0x1e CMakeFiles/remote_cube_sentry.elf.dir/Drivers/STM32F4xx_HAL_Driver/Src/stm32f4xx_hal_tim.c.obj
                0x08005d14                TIM_CCxChannelCmd
 *fill*         0x08005d32        0x2 
 .text.HAL_TIM_PWM_Start
                0x08005d34      0x104 CMakeFiles/remote_cube_sentry.elf.dir/Drivers/STM32F4xx_HAL_Driver/Src/stm32f4xx_hal_tim.c.obj
                0x08005d34                HAL_TIM_PWM_Start
 .text.HAL_TIMEx_MasterConfigSynchronization
                0x08005e38       0x8c CMakeFiles/remote_cube_sentry.elf.dir/Drivers/STM32F4xx_HAL_Driver/Src/stm32f4xx_hal_tim_ex.c.obj
                0x08005e38                HAL_TIMEx_MasterConfigSynchronization
 .text.HAL_TIMEx_ConfigBreakDeadTime
                0x08005ec4       0x52 CMakeFiles/remote_cube_sentry.elf.dir/Drivers/STM32F4xx_HAL_Driver/Src/stm32f4xx_hal_tim_ex.c.obj
                0x08005ec4                HAL_TIMEx_ConfigBreakDeadTime
 .text.HAL_TIMEx_CommutCallback
                0x08005f16        0x2 CMakeFiles/remote_cube_sentry.elf.dir/Drivers/STM32F4xx_HAL_Driver/Src/stm32f4xx_hal_tim_ex.c.obj
                0x08005f16                HAL_TIMEx_CommutCallback
 .text.HAL_TIMEx_BreakCallback
                0x08005f18        0x2 CMakeFiles/remote_cube_sentry.elf.dir/Drivers/STM32F4xx_HAL_Driver/Src/stm32f4xx_hal_tim_ex.c.obj
                0x08005f18                HAL_TIMEx_BreakCallback
 .text.UART_EndTxTransfer
                0x08005f1a       0x20 CMakeFiles/remote_cube_sentry.elf.dir/Drivers/STM32F4xx_HAL_Driver/Src/stm32f4xx_hal_uart.c.obj
 .text.UART_EndRxTransfer
                0x08005f3a       0x5c CMakeFiles/remote_cube_sentry.elf.dir/Drivers/STM32F4xx_HAL_Driver/Src/stm32f4xx_hal_uart.c.obj
 *fill*         0x08005f96        0x2 
 .text.UART_SetConfig
                0x08005f98      0x110 CMakeFiles/remote_cube_sentry.elf.dir/Drivers/STM32F4xx_HAL_Driver/Src/stm32f4xx_hal_uart.c.obj
 .text.HAL_UART_Init
                0x080060a8       0x5e CMakeFiles/remote_cube_sentry.elf.dir/Drivers/STM32F4xx_HAL_Driver/Src/stm32f4xx_hal_uart.c.obj
                0x080060a8                HAL_UART_Init
 *fill*         0x08006106        0x2 
 .text.HAL_UART_Transmit_DMA
                0x08006108       0x9c CMakeFiles/remote_cube_sentry.elf.dir/Drivers/STM32F4xx_HAL_Driver/Src/stm32f4xx_hal_uart.c.obj
                0x08006108                HAL_UART_Transmit_DMA
 .text.HAL_UART_TxCpltCallback
                0x080061a4        0x2 CMakeFiles/remote_cube_sentry.elf.dir/Drivers/STM32F4xx_HAL_Driver/Src/stm32f4xx_hal_uart.c.obj
                0x080061a4                HAL_UART_TxCpltCallback
 .text.UART_DMATransmitCplt
                0x080061a6       0x4c CMakeFiles/remote_cube_sentry.elf.dir/Drivers/STM32F4xx_HAL_Driver/Src/stm32f4xx_hal_uart.c.obj
 .text.HAL_UART_TxHalfCpltCallback
                0x080061f2        0x2 CMakeFiles/remote_cube_sentry.elf.dir/Drivers/STM32F4xx_HAL_Driver/Src/stm32f4xx_hal_uart.c.obj
                0x080061f2                HAL_UART_TxHalfCpltCallback
 .text.UART_DMATxHalfCplt
                0x080061f4        0xa CMakeFiles/remote_cube_sentry.elf.dir/Drivers/STM32F4xx_HAL_Driver/Src/stm32f4xx_hal_uart.c.obj
 .text.HAL_UART_ErrorCallback
                0x080061fe        0x2 CMakeFiles/remote_cube_sentry.elf.dir/Drivers/STM32F4xx_HAL_Driver/Src/stm32f4xx_hal_uart.c.obj
                0x080061fe                HAL_UART_ErrorCallback
 .text.UART_DMAError
                0x08006200       0x58 CMakeFiles/remote_cube_sentry.elf.dir/Drivers/STM32F4xx_HAL_Driver/Src/stm32f4xx_hal_uart.c.obj
 .text.USB_CoreReset
                0x08006258       0x50 CMakeFiles/remote_cube_sentry.elf.dir/Drivers/STM32F4xx_HAL_Driver/Src/stm32f4xx_ll_usb.c.obj
 .text.USB_CoreInit
                0x080062a8       0x8a CMakeFiles/remote_cube_sentry.elf.dir/Drivers/STM32F4xx_HAL_Driver/Src/stm32f4xx_ll_usb.c.obj
                0x080062a8                USB_CoreInit
 *fill*         0x08006332        0x2 
 .text.USB_SetTurnaroundTime
                0x08006334       0xe4 CMakeFiles/remote_cube_sentry.elf.dir/Drivers/STM32F4xx_HAL_Driver/Src/stm32f4xx_ll_usb.c.obj
                0x08006334                USB_SetTurnaroundTime
 .text.USB_EnableGlobalInt
                0x08006418        0xc CMakeFiles/remote_cube_sentry.elf.dir/Drivers/STM32F4xx_HAL_Driver/Src/stm32f4xx_ll_usb.c.obj
                0x08006418                USB_EnableGlobalInt
 .text.USB_DisableGlobalInt
                0x08006424        0xc CMakeFiles/remote_cube_sentry.elf.dir/Drivers/STM32F4xx_HAL_Driver/Src/stm32f4xx_ll_usb.c.obj
                0x08006424                USB_DisableGlobalInt
 .text.USB_FlushTxFifo
                0x08006430       0x50 CMakeFiles/remote_cube_sentry.elf.dir/Drivers/STM32F4xx_HAL_Driver/Src/stm32f4xx_ll_usb.c.obj
                0x08006430                USB_FlushTxFifo
 .text.USB_FlushRxFifo
                0x08006480       0x4c CMakeFiles/remote_cube_sentry.elf.dir/Drivers/STM32F4xx_HAL_Driver/Src/stm32f4xx_ll_usb.c.obj
                0x08006480                USB_FlushRxFifo
 .text.USB_SetDevSpeed
                0x080064cc        0xe CMakeFiles/remote_cube_sentry.elf.dir/Drivers/STM32F4xx_HAL_Driver/Src/stm32f4xx_ll_usb.c.obj
                0x080064cc                USB_SetDevSpeed
 *fill*         0x080064da        0x2 
 .text.USB_DevInit
                0x080064dc      0x190 CMakeFiles/remote_cube_sentry.elf.dir/Drivers/STM32F4xx_HAL_Driver/Src/stm32f4xx_ll_usb.c.obj
                0x080064dc                USB_DevInit
 .text.USB_GetDevSpeed
                0x0800666c       0x22 CMakeFiles/remote_cube_sentry.elf.dir/Drivers/STM32F4xx_HAL_Driver/Src/stm32f4xx_ll_usb.c.obj
                0x0800666c                USB_GetDevSpeed
 .text.USB_ActivateEndpoint
                0x0800668e       0x9a CMakeFiles/remote_cube_sentry.elf.dir/Drivers/STM32F4xx_HAL_Driver/Src/stm32f4xx_ll_usb.c.obj
                0x0800668e                USB_ActivateEndpoint
 .text.USB_DeactivateEndpoint
                0x08006728       0xe0 CMakeFiles/remote_cube_sentry.elf.dir/Drivers/STM32F4xx_HAL_Driver/Src/stm32f4xx_ll_usb.c.obj
                0x08006728                USB_DeactivateEndpoint
 .text.USB_EP0StartXfer
                0x08006808      0x124 CMakeFiles/remote_cube_sentry.elf.dir/Drivers/STM32F4xx_HAL_Driver/Src/stm32f4xx_ll_usb.c.obj
                0x08006808                USB_EP0StartXfer
 .text.USB_EPStopXfer
                0x0800692c       0xbe CMakeFiles/remote_cube_sentry.elf.dir/Drivers/STM32F4xx_HAL_Driver/Src/stm32f4xx_ll_usb.c.obj
                0x0800692c                USB_EPStopXfer
 .text.USB_WritePacket
                0x080069ea       0x2e CMakeFiles/remote_cube_sentry.elf.dir/Drivers/STM32F4xx_HAL_Driver/Src/stm32f4xx_ll_usb.c.obj
                0x080069ea                USB_WritePacket
 .text.USB_EPStartXfer
                0x08006a18      0x234 CMakeFiles/remote_cube_sentry.elf.dir/Drivers/STM32F4xx_HAL_Driver/Src/stm32f4xx_ll_usb.c.obj
                0x08006a18                USB_EPStartXfer
 .text.USB_ReadPacket
                0x08006c4c       0x46 CMakeFiles/remote_cube_sentry.elf.dir/Drivers/STM32F4xx_HAL_Driver/Src/stm32f4xx_ll_usb.c.obj
                0x08006c4c                USB_ReadPacket
 .text.USB_EPSetStall
                0x08006c92       0x5a CMakeFiles/remote_cube_sentry.elf.dir/Drivers/STM32F4xx_HAL_Driver/Src/stm32f4xx_ll_usb.c.obj
                0x08006c92                USB_EPSetStall
 .text.USB_EPClearStall
                0x08006cec       0x5c CMakeFiles/remote_cube_sentry.elf.dir/Drivers/STM32F4xx_HAL_Driver/Src/stm32f4xx_ll_usb.c.obj
                0x08006cec                USB_EPClearStall
 .text.USB_SetDevAddress
                0x08006d48       0x20 CMakeFiles/remote_cube_sentry.elf.dir/Drivers/STM32F4xx_HAL_Driver/Src/stm32f4xx_ll_usb.c.obj
                0x08006d48                USB_SetDevAddress
 .text.USB_DevConnect
                0x08006d68       0x1c CMakeFiles/remote_cube_sentry.elf.dir/Drivers/STM32F4xx_HAL_Driver/Src/stm32f4xx_ll_usb.c.obj
                0x08006d68                USB_DevConnect
 .text.USB_DevDisconnect
                0x08006d84       0x1c CMakeFiles/remote_cube_sentry.elf.dir/Drivers/STM32F4xx_HAL_Driver/Src/stm32f4xx_ll_usb.c.obj
                0x08006d84                USB_DevDisconnect
 .text.USB_ReadInterrupts
                0x08006da0        0x8 CMakeFiles/remote_cube_sentry.elf.dir/Drivers/STM32F4xx_HAL_Driver/Src/stm32f4xx_ll_usb.c.obj
                0x08006da0                USB_ReadInterrupts
 .text.USB_ReadDevAllOutEpInterrupt
                0x08006da8       0x10 CMakeFiles/remote_cube_sentry.elf.dir/Drivers/STM32F4xx_HAL_Driver/Src/stm32f4xx_ll_usb.c.obj
                0x08006da8                USB_ReadDevAllOutEpInterrupt
 .text.USB_ReadDevAllInEpInterrupt
                0x08006db8       0x10 CMakeFiles/remote_cube_sentry.elf.dir/Drivers/STM32F4xx_HAL_Driver/Src/stm32f4xx_ll_usb.c.obj
                0x08006db8                USB_ReadDevAllInEpInterrupt
 .text.USB_ReadDevOutEPInterrupt
                0x08006dc8       0x12 CMakeFiles/remote_cube_sentry.elf.dir/Drivers/STM32F4xx_HAL_Driver/Src/stm32f4xx_ll_usb.c.obj
                0x08006dc8                USB_ReadDevOutEPInterrupt
 .text.USB_ReadDevInEPInterrupt
                0x08006dda       0x24 CMakeFiles/remote_cube_sentry.elf.dir/Drivers/STM32F4xx_HAL_Driver/Src/stm32f4xx_ll_usb.c.obj
                0x08006dda                USB_ReadDevInEPInterrupt
 .text.USB_GetMode
                0x08006dfe        0x8 CMakeFiles/remote_cube_sentry.elf.dir/Drivers/STM32F4xx_HAL_Driver/Src/stm32f4xx_ll_usb.c.obj
                0x08006dfe                USB_GetMode
 .text.USB_SetCurrentMode
                0x08006e06       0x62 CMakeFiles/remote_cube_sentry.elf.dir/Drivers/STM32F4xx_HAL_Driver/Src/stm32f4xx_ll_usb.c.obj
                0x08006e06                USB_SetCurrentMode
 .text.USB_ActivateSetup
                0x08006e68       0x20 CMakeFiles/remote_cube_sentry.elf.dir/Drivers/STM32F4xx_HAL_Driver/Src/stm32f4xx_ll_usb.c.obj
                0x08006e68                USB_ActivateSetup
 .text.USB_EP0_OutStart
                0x08006e88       0x60 CMakeFiles/remote_cube_sentry.elf.dir/Drivers/STM32F4xx_HAL_Driver/Src/stm32f4xx_ll_usb.c.obj
                0x08006e88                USB_EP0_OutStart
 .text.USBD_CDC_EP0_RxReady
                0x08006ee8       0x40 CMakeFiles/remote_cube_sentry.elf.dir/Middlewares/ST/STM32_USB_Device_Library/Class/CDC/Src/usbd_cdc.c.obj
 .text.USBD_CDC_GetDeviceQualifierDescriptor
                0x08006f28        0xc CMakeFiles/remote_cube_sentry.elf.dir/Middlewares/ST/STM32_USB_Device_Library/Class/CDC/Src/usbd_cdc.c.obj
                0x08006f28                USBD_CDC_GetDeviceQualifierDescriptor
 .text.USBD_CDC_GetOtherSpeedCfgDesc
                0x08006f34       0x48 CMakeFiles/remote_cube_sentry.elf.dir/Middlewares/ST/STM32_USB_Device_Library/Class/CDC/Src/usbd_cdc.c.obj
 .text.USBD_CDC_GetFSCfgDesc
                0x08006f7c       0x48 CMakeFiles/remote_cube_sentry.elf.dir/Middlewares/ST/STM32_USB_Device_Library/Class/CDC/Src/usbd_cdc.c.obj
 .text.USBD_CDC_GetHSCfgDesc
                0x08006fc4       0x48 CMakeFiles/remote_cube_sentry.elf.dir/Middlewares/ST/STM32_USB_Device_Library/Class/CDC/Src/usbd_cdc.c.obj
 .text.USBD_CDC_DataOut
                0x0800700c       0x38 CMakeFiles/remote_cube_sentry.elf.dir/Middlewares/ST/STM32_USB_Device_Library/Class/CDC/Src/usbd_cdc.c.obj
 .text.USBD_CDC_DataIn
                0x08007044       0x7c CMakeFiles/remote_cube_sentry.elf.dir/Middlewares/ST/STM32_USB_Device_Library/Class/CDC/Src/usbd_cdc.c.obj
 .text.USBD_CDC_Setup
                0x080070c0      0x11a CMakeFiles/remote_cube_sentry.elf.dir/Middlewares/ST/STM32_USB_Device_Library/Class/CDC/Src/usbd_cdc.c.obj
 .text.USBD_CDC_DeInit
                0x080071da       0x64 CMakeFiles/remote_cube_sentry.elf.dir/Middlewares/ST/STM32_USB_Device_Library/Class/CDC/Src/usbd_cdc.c.obj
 .text.USBD_CDC_Init
                0x0800723e       0xee CMakeFiles/remote_cube_sentry.elf.dir/Middlewares/ST/STM32_USB_Device_Library/Class/CDC/Src/usbd_cdc.c.obj
 .text.USBD_CDC_RegisterInterface
                0x0800732c       0x16 CMakeFiles/remote_cube_sentry.elf.dir/Middlewares/ST/STM32_USB_Device_Library/Class/CDC/Src/usbd_cdc.c.obj
                0x0800732c                USBD_CDC_RegisterInterface
 .text.USBD_CDC_SetTxBuffer
                0x08007342       0x1c CMakeFiles/remote_cube_sentry.elf.dir/Middlewares/ST/STM32_USB_Device_Library/Class/CDC/Src/usbd_cdc.c.obj
                0x08007342                USBD_CDC_SetTxBuffer
 .text.USBD_CDC_SetRxBuffer
                0x0800735e       0x18 CMakeFiles/remote_cube_sentry.elf.dir/Middlewares/ST/STM32_USB_Device_Library/Class/CDC/Src/usbd_cdc.c.obj
                0x0800735e                USBD_CDC_SetRxBuffer
 .text.USBD_CDC_TransmitPacket
                0x08007376       0x36 CMakeFiles/remote_cube_sentry.elf.dir/Middlewares/ST/STM32_USB_Device_Library/Class/CDC/Src/usbd_cdc.c.obj
                0x08007376                USBD_CDC_TransmitPacket
 .text.USBD_CDC_ReceivePacket
                0x080073ac       0x38 CMakeFiles/remote_cube_sentry.elf.dir/Middlewares/ST/STM32_USB_Device_Library/Class/CDC/Src/usbd_cdc.c.obj
                0x080073ac                USBD_CDC_ReceivePacket
 .text.USBD_Init
                0x080073e4       0x2e CMakeFiles/remote_cube_sentry.elf.dir/Middlewares/ST/STM32_USB_Device_Library/Core/Src/usbd_core.c.obj
                0x080073e4                USBD_Init
 .text.USBD_RegisterClass
                0x08007412       0x34 CMakeFiles/remote_cube_sentry.elf.dir/Middlewares/ST/STM32_USB_Device_Library/Core/Src/usbd_core.c.obj
                0x08007412                USBD_RegisterClass
 .text.USBD_Start
                0x08007446        0x8 CMakeFiles/remote_cube_sentry.elf.dir/Middlewares/ST/STM32_USB_Device_Library/Core/Src/usbd_core.c.obj
                0x08007446                USBD_Start
 .text.USBD_SetClassConfig
                0x0800744e       0x12 CMakeFiles/remote_cube_sentry.elf.dir/Middlewares/ST/STM32_USB_Device_Library/Core/Src/usbd_core.c.obj
                0x0800744e                USBD_SetClassConfig
 .text.USBD_ClrClassConfig
                0x08007460       0x12 CMakeFiles/remote_cube_sentry.elf.dir/Middlewares/ST/STM32_USB_Device_Library/Core/Src/usbd_core.c.obj
                0x08007460                USBD_ClrClassConfig
 .text.USBD_LL_SetupStage
                0x08007472       0x58 CMakeFiles/remote_cube_sentry.elf.dir/Middlewares/ST/STM32_USB_Device_Library/Core/Src/usbd_core.c.obj
                0x08007472                USBD_LL_SetupStage
 .text.USBD_LL_Reset
                0x080074ca       0x64 CMakeFiles/remote_cube_sentry.elf.dir/Middlewares/ST/STM32_USB_Device_Library/Core/Src/usbd_core.c.obj
                0x080074ca                USBD_LL_Reset
 .text.USBD_LL_SetSpeed
                0x0800752e        0x6 CMakeFiles/remote_cube_sentry.elf.dir/Middlewares/ST/STM32_USB_Device_Library/Core/Src/usbd_core.c.obj
                0x0800752e                USBD_LL_SetSpeed
 .text.USBD_LL_Suspend
                0x08007534       0x14 CMakeFiles/remote_cube_sentry.elf.dir/Middlewares/ST/STM32_USB_Device_Library/Core/Src/usbd_core.c.obj
                0x08007534                USBD_LL_Suspend
 .text.USBD_LL_Resume
                0x08007548       0x1a CMakeFiles/remote_cube_sentry.elf.dir/Middlewares/ST/STM32_USB_Device_Library/Core/Src/usbd_core.c.obj
                0x08007548                USBD_LL_Resume
 .text.USBD_LL_SOF
                0x08007562       0x22 CMakeFiles/remote_cube_sentry.elf.dir/Middlewares/ST/STM32_USB_Device_Library/Core/Src/usbd_core.c.obj
                0x08007562                USBD_LL_SOF
 .text.USBD_LL_IsoINIncomplete
                0x08007584       0x2e CMakeFiles/remote_cube_sentry.elf.dir/Middlewares/ST/STM32_USB_Device_Library/Core/Src/usbd_core.c.obj
                0x08007584                USBD_LL_IsoINIncomplete
 .text.USBD_LL_IsoOUTIncomplete
                0x080075b2       0x2e CMakeFiles/remote_cube_sentry.elf.dir/Middlewares/ST/STM32_USB_Device_Library/Core/Src/usbd_core.c.obj
                0x080075b2                USBD_LL_IsoOUTIncomplete
 .text.USBD_LL_DevConnected
                0x080075e0        0x4 CMakeFiles/remote_cube_sentry.elf.dir/Middlewares/ST/STM32_USB_Device_Library/Core/Src/usbd_core.c.obj
                0x080075e0                USBD_LL_DevConnected
 .text.USBD_LL_DevDisconnected
                0x080075e4       0x20 CMakeFiles/remote_cube_sentry.elf.dir/Middlewares/ST/STM32_USB_Device_Library/Core/Src/usbd_core.c.obj
                0x080075e4                USBD_LL_DevDisconnected
 .text.USBD_CoreFindIF
                0x08007604        0x4 CMakeFiles/remote_cube_sentry.elf.dir/Middlewares/ST/STM32_USB_Device_Library/Core/Src/usbd_core.c.obj
                0x08007604                USBD_CoreFindIF
 .text.USBD_CoreFindEP
                0x08007608        0x4 CMakeFiles/remote_cube_sentry.elf.dir/Middlewares/ST/STM32_USB_Device_Library/Core/Src/usbd_core.c.obj
                0x08007608                USBD_CoreFindEP
 .text.USBD_LL_DataOutStage
                0x0800760c       0xc6 CMakeFiles/remote_cube_sentry.elf.dir/Middlewares/ST/STM32_USB_Device_Library/Core/Src/usbd_core.c.obj
                0x0800760c                USBD_LL_DataOutStage
 .text.USBD_LL_DataInStage
                0x080076d2       0xd6 CMakeFiles/remote_cube_sentry.elf.dir/Middlewares/ST/STM32_USB_Device_Library/Core/Src/usbd_core.c.obj
                0x080076d2                USBD_LL_DataInStage
 .text.USBD_GetNextDesc
                0x080077a8        0xe CMakeFiles/remote_cube_sentry.elf.dir/Middlewares/ST/STM32_USB_Device_Library/Core/Src/usbd_core.c.obj
                0x080077a8                USBD_GetNextDesc
 .text.USBD_GetEpDesc
                0x080077b6       0x3e CMakeFiles/remote_cube_sentry.elf.dir/Middlewares/ST/STM32_USB_Device_Library/Core/Src/usbd_core.c.obj
                0x080077b6                USBD_GetEpDesc
 .text.USBD_GetLen
                0x080077f4       0x14 CMakeFiles/remote_cube_sentry.elf.dir/Middlewares/ST/STM32_USB_Device_Library/Core/Src/usbd_ctlreq.c.obj
 .text.USBD_ParseSetupRequest
                0x08007808       0x28 CMakeFiles/remote_cube_sentry.elf.dir/Middlewares/ST/STM32_USB_Device_Library/Core/Src/usbd_ctlreq.c.obj
                0x08007808                USBD_ParseSetupRequest
 .text.USBD_CtlError
                0x08007830       0x14 CMakeFiles/remote_cube_sentry.elf.dir/Middlewares/ST/STM32_USB_Device_Library/Core/Src/usbd_ctlreq.c.obj
                0x08007830                USBD_CtlError
 .text.USBD_GetDescriptor
                0x08007844      0x18a CMakeFiles/remote_cube_sentry.elf.dir/Middlewares/ST/STM32_USB_Device_Library/Core/Src/usbd_ctlreq.c.obj
 .text.USBD_SetAddress
                0x080079ce       0x50 CMakeFiles/remote_cube_sentry.elf.dir/Middlewares/ST/STM32_USB_Device_Library/Core/Src/usbd_ctlreq.c.obj
 *fill*         0x08007a1e        0x2 
 .text.USBD_SetConfig
                0x08007a20       0xcc CMakeFiles/remote_cube_sentry.elf.dir/Middlewares/ST/STM32_USB_Device_Library/Core/Src/usbd_ctlreq.c.obj
 .text.USBD_GetConfig
                0x08007aec       0x40 CMakeFiles/remote_cube_sentry.elf.dir/Middlewares/ST/STM32_USB_Device_Library/Core/Src/usbd_ctlreq.c.obj
 .text.USBD_GetStatus
                0x08007b2c       0x38 CMakeFiles/remote_cube_sentry.elf.dir/Middlewares/ST/STM32_USB_Device_Library/Core/Src/usbd_ctlreq.c.obj
 .text.USBD_SetFeature
                0x08007b64       0x2a CMakeFiles/remote_cube_sentry.elf.dir/Middlewares/ST/STM32_USB_Device_Library/Core/Src/usbd_ctlreq.c.obj
 .text.USBD_ClrFeature
                0x08007b8e       0x26 CMakeFiles/remote_cube_sentry.elf.dir/Middlewares/ST/STM32_USB_Device_Library/Core/Src/usbd_ctlreq.c.obj
 .text.USBD_StdDevReq
                0x08007bb4       0x76 CMakeFiles/remote_cube_sentry.elf.dir/Middlewares/ST/STM32_USB_Device_Library/Core/Src/usbd_ctlreq.c.obj
                0x08007bb4                USBD_StdDevReq
 .text.USBD_StdItfReq
                0x08007c2a       0x84 CMakeFiles/remote_cube_sentry.elf.dir/Middlewares/ST/STM32_USB_Device_Library/Core/Src/usbd_ctlreq.c.obj
                0x08007c2a                USBD_StdItfReq
 .text.USBD_StdEPReq
                0x08007cae      0x230 CMakeFiles/remote_cube_sentry.elf.dir/Middlewares/ST/STM32_USB_Device_Library/Core/Src/usbd_ctlreq.c.obj
                0x08007cae                USBD_StdEPReq
 .text.USBD_GetString
                0x08007ede       0x3a CMakeFiles/remote_cube_sentry.elf.dir/Middlewares/ST/STM32_USB_Device_Library/Core/Src/usbd_ctlreq.c.obj
                0x08007ede                USBD_GetString
 .text.USBD_CtlSendData
                0x08007f18       0x1a CMakeFiles/remote_cube_sentry.elf.dir/Middlewares/ST/STM32_USB_Device_Library/Core/Src/usbd_ioreq.c.obj
                0x08007f18                USBD_CtlSendData
 .text.USBD_CtlContinueSendData
                0x08007f32       0x10 CMakeFiles/remote_cube_sentry.elf.dir/Middlewares/ST/STM32_USB_Device_Library/Core/Src/usbd_ioreq.c.obj
                0x08007f32                USBD_CtlContinueSendData
 .text.USBD_CtlPrepareRx
                0x08007f42       0x1e CMakeFiles/remote_cube_sentry.elf.dir/Middlewares/ST/STM32_USB_Device_Library/Core/Src/usbd_ioreq.c.obj
                0x08007f42                USBD_CtlPrepareRx
 .text.USBD_CtlContinueRx
                0x08007f60       0x10 CMakeFiles/remote_cube_sentry.elf.dir/Middlewares/ST/STM32_USB_Device_Library/Core/Src/usbd_ioreq.c.obj
                0x08007f60                USBD_CtlContinueRx
 .text.USBD_CtlSendStatus
                0x08007f70       0x16 CMakeFiles/remote_cube_sentry.elf.dir/Middlewares/ST/STM32_USB_Device_Library/Core/Src/usbd_ioreq.c.obj
                0x08007f70                USBD_CtlSendStatus
 .text.USBD_CtlReceiveStatus
                0x08007f86       0x16 CMakeFiles/remote_cube_sentry.elf.dir/Middlewares/ST/STM32_USB_Device_Library/Core/Src/usbd_ioreq.c.obj
                0x08007f86                USBD_CtlReceiveStatus
 .text.makeFreeRtosPriority
                0x08007f9c        0xc CMakeFiles/remote_cube_sentry.elf.dir/Middlewares/Third_Party/FreeRTOS/Source/CMSIS_RTOS/cmsis_os.c.obj
 .text.osKernelStart
                0x08007fa8        0xa CMakeFiles/remote_cube_sentry.elf.dir/Middlewares/Third_Party/FreeRTOS/Source/CMSIS_RTOS/cmsis_os.c.obj
                0x08007fa8                osKernelStart
 .text.osThreadCreate
                0x08007fb2       0x66 CMakeFiles/remote_cube_sentry.elf.dir/Middlewares/Third_Party/FreeRTOS/Source/CMSIS_RTOS/cmsis_os.c.obj
                0x08007fb2                osThreadCreate
 .text.osDelay  0x08008018        0xe CMakeFiles/remote_cube_sentry.elf.dir/Middlewares/Third_Party/FreeRTOS/Source/CMSIS_RTOS/cmsis_os.c.obj
                0x08008018                osDelay
 .text.vListInitialise
                0x08008026       0x16 CMakeFiles/remote_cube_sentry.elf.dir/Middlewares/Third_Party/FreeRTOS/Source/list.c.obj
                0x08008026                vListInitialise
 .text.vListInitialiseItem
                0x0800803c        0x6 CMakeFiles/remote_cube_sentry.elf.dir/Middlewares/Third_Party/FreeRTOS/Source/list.c.obj
                0x0800803c                vListInitialiseItem
 .text.vListInsertEnd
                0x08008042       0x16 CMakeFiles/remote_cube_sentry.elf.dir/Middlewares/Third_Party/FreeRTOS/Source/list.c.obj
                0x08008042                vListInsertEnd
 .text.vListInsert
                0x08008058       0x32 CMakeFiles/remote_cube_sentry.elf.dir/Middlewares/Third_Party/FreeRTOS/Source/list.c.obj
                0x08008058                vListInsert
 .text.uxListRemove
                0x0800808a       0x26 CMakeFiles/remote_cube_sentry.elf.dir/Middlewares/Third_Party/FreeRTOS/Source/list.c.obj
                0x0800808a                uxListRemove
 .text.prvTaskExitError
                0x080080b0       0x40 CMakeFiles/remote_cube_sentry.elf.dir/Middlewares/Third_Party/FreeRTOS/Source/portable/GCC/ARM_CM4F/port.c.obj
 .text.prvPortStartFirstTask
                0x080080f0       0x28 CMakeFiles/remote_cube_sentry.elf.dir/Middlewares/Third_Party/FreeRTOS/Source/portable/GCC/ARM_CM4F/port.c.obj
 .text.vPortEnableVFP
                0x08008118       0x14 CMakeFiles/remote_cube_sentry.elf.dir/Middlewares/Third_Party/FreeRTOS/Source/portable/GCC/ARM_CM4F/port.c.obj
 .text.pxPortInitialiseStack
                0x0800812c       0x2c CMakeFiles/remote_cube_sentry.elf.dir/Middlewares/Third_Party/FreeRTOS/Source/portable/GCC/ARM_CM4F/port.c.obj
                0x0800812c                pxPortInitialiseStack
 *fill*         0x08008158        0x8 
 .text.SVC_Handler
                0x08008160       0x24 CMakeFiles/remote_cube_sentry.elf.dir/Middlewares/Third_Party/FreeRTOS/Source/portable/GCC/ARM_CM4F/port.c.obj
                0x08008160                SVC_Handler
 .text.vPortEnterCritical
                0x08008184       0x44 CMakeFiles/remote_cube_sentry.elf.dir/Middlewares/Third_Party/FreeRTOS/Source/portable/GCC/ARM_CM4F/port.c.obj
                0x08008184                vPortEnterCritical
 .text.vPortExitCritical
                0x080081c8       0x2c CMakeFiles/remote_cube_sentry.elf.dir/Middlewares/Third_Party/FreeRTOS/Source/portable/GCC/ARM_CM4F/port.c.obj
                0x080081c8                vPortExitCritical
 *fill*         0x080081f4        0xc 
 .text.PendSV_Handler
                0x08008200       0x64 CMakeFiles/remote_cube_sentry.elf.dir/Middlewares/Third_Party/FreeRTOS/Source/portable/GCC/ARM_CM4F/port.c.obj
                0x08008200                PendSV_Handler
 .text.SysTick_Handler
                0x08008264       0x2c CMakeFiles/remote_cube_sentry.elf.dir/Middlewares/Third_Party/FreeRTOS/Source/portable/GCC/ARM_CM4F/port.c.obj
                0x08008264                SysTick_Handler
 .text.vPortSetupTimerInterrupt
                0x08008290       0x28 CMakeFiles/remote_cube_sentry.elf.dir/Middlewares/Third_Party/FreeRTOS/Source/portable/GCC/ARM_CM4F/port.c.obj
                0x08008290                vPortSetupTimerInterrupt
 .text.xPortStartScheduler
                0x080082b8      0x118 CMakeFiles/remote_cube_sentry.elf.dir/Middlewares/Third_Party/FreeRTOS/Source/portable/GCC/ARM_CM4F/port.c.obj
                0x080082b8                xPortStartScheduler
 .text.vPortValidateInterruptPriority
                0x080083d0       0x5c CMakeFiles/remote_cube_sentry.elf.dir/Middlewares/Third_Party/FreeRTOS/Source/portable/GCC/ARM_CM4F/port.c.obj
                0x080083d0                vPortValidateInterruptPriority
 .text.prvHeapInit
                0x0800842c       0x64 CMakeFiles/remote_cube_sentry.elf.dir/Middlewares/Third_Party/FreeRTOS/Source/portable/MemMang/heap_4.c.obj
 .text.prvInsertBlockIntoFreeList
                0x08008490       0x64 CMakeFiles/remote_cube_sentry.elf.dir/Middlewares/Third_Party/FreeRTOS/Source/portable/MemMang/heap_4.c.obj
 .text.pvPortMalloc
                0x080084f4      0x104 CMakeFiles/remote_cube_sentry.elf.dir/Middlewares/Third_Party/FreeRTOS/Source/portable/MemMang/heap_4.c.obj
                0x080084f4                pvPortMalloc
 .text.vPortFree
                0x080085f8       0x7c CMakeFiles/remote_cube_sentry.elf.dir/Middlewares/Third_Party/FreeRTOS/Source/portable/MemMang/heap_4.c.obj
                0x080085f8                vPortFree
 .text.prvIsQueueEmpty
                0x08008674       0x1a CMakeFiles/remote_cube_sentry.elf.dir/Middlewares/Third_Party/FreeRTOS/Source/queue.c.obj
 .text.prvCopyDataFromQueue
                0x0800868e       0x24 CMakeFiles/remote_cube_sentry.elf.dir/Middlewares/Third_Party/FreeRTOS/Source/queue.c.obj
 .text.prvUnlockQueue
                0x080086b2       0x6e CMakeFiles/remote_cube_sentry.elf.dir/Middlewares/Third_Party/FreeRTOS/Source/queue.c.obj
 .text.xQueueGenericReset
                0x08008720       0x84 CMakeFiles/remote_cube_sentry.elf.dir/Middlewares/Third_Party/FreeRTOS/Source/queue.c.obj
                0x08008720                xQueueGenericReset
 .text.prvInitialiseNewQueue
                0x080087a4       0x1c CMakeFiles/remote_cube_sentry.elf.dir/Middlewares/Third_Party/FreeRTOS/Source/queue.c.obj
 .text.xQueueGenericCreate
                0x080087c0       0x48 CMakeFiles/remote_cube_sentry.elf.dir/Middlewares/Third_Party/FreeRTOS/Source/queue.c.obj
                0x080087c0                xQueueGenericCreate
 .text.xQueueReceive
                0x08008808      0x15e CMakeFiles/remote_cube_sentry.elf.dir/Middlewares/Third_Party/FreeRTOS/Source/queue.c.obj
                0x08008808                xQueueReceive
 .text.prvSearchForNameWithinSingleList
                0x08008966       0x64 CMakeFiles/remote_cube_sentry.elf.dir/Middlewares/Third_Party/FreeRTOS/Source/tasks.c.obj
 *fill*         0x080089ca        0x2 
 .text.prvResetNextTaskUnblockTime
                0x080089cc       0x2c CMakeFiles/remote_cube_sentry.elf.dir/Middlewares/Third_Party/FreeRTOS/Source/tasks.c.obj
 .text.prvInitialiseNewTask
                0x080089f8      0x100 CMakeFiles/remote_cube_sentry.elf.dir/Middlewares/Third_Party/FreeRTOS/Source/tasks.c.obj
 .text.prvInitialiseTaskLists
                0x08008af8       0x68 CMakeFiles/remote_cube_sentry.elf.dir/Middlewares/Third_Party/FreeRTOS/Source/tasks.c.obj
 .text.prvAddNewTaskToReadyList
                0x08008b60       0xa8 CMakeFiles/remote_cube_sentry.elf.dir/Middlewares/Third_Party/FreeRTOS/Source/tasks.c.obj
 .text.prvDeleteTCB
                0x08008c08       0x40 CMakeFiles/remote_cube_sentry.elf.dir/Middlewares/Third_Party/FreeRTOS/Source/tasks.c.obj
 .text.prvCheckTasksWaitingTermination
                0x08008c48       0x4c CMakeFiles/remote_cube_sentry.elf.dir/Middlewares/Third_Party/FreeRTOS/Source/tasks.c.obj
 .text.prvIdleTask
                0x08008c94       0x28 CMakeFiles/remote_cube_sentry.elf.dir/Middlewares/Third_Party/FreeRTOS/Source/tasks.c.obj
 .text.prvAddCurrentTaskToDelayedList
                0x08008cbc       0xa0 CMakeFiles/remote_cube_sentry.elf.dir/Middlewares/Third_Party/FreeRTOS/Source/tasks.c.obj
 .text.xTaskCreateStatic
                0x08008d5c       0x7a CMakeFiles/remote_cube_sentry.elf.dir/Middlewares/Third_Party/FreeRTOS/Source/tasks.c.obj
                0x08008d5c                xTaskCreateStatic
 .text.xTaskCreate
                0x08008dd6       0x66 CMakeFiles/remote_cube_sentry.elf.dir/Middlewares/Third_Party/FreeRTOS/Source/tasks.c.obj
                0x08008dd6                xTaskCreate
 .text.vTaskStartScheduler
                0x08008e3c       0x84 CMakeFiles/remote_cube_sentry.elf.dir/Middlewares/Third_Party/FreeRTOS/Source/tasks.c.obj
                0x08008e3c                vTaskStartScheduler
 .text.vTaskSuspendAll
                0x08008ec0       0x10 CMakeFiles/remote_cube_sentry.elf.dir/Middlewares/Third_Party/FreeRTOS/Source/tasks.c.obj
                0x08008ec0                vTaskSuspendAll
 .text.xTaskGetTickCount
                0x08008ed0        0xc CMakeFiles/remote_cube_sentry.elf.dir/Middlewares/Third_Party/FreeRTOS/Source/tasks.c.obj
                0x08008ed0                xTaskGetTickCount
 .text.pcTaskGetName
                0x08008edc       0x28 CMakeFiles/remote_cube_sentry.elf.dir/Middlewares/Third_Party/FreeRTOS/Source/tasks.c.obj
                0x08008edc                pcTaskGetName
 .text.xTaskIncrementTick
                0x08008f04      0x118 CMakeFiles/remote_cube_sentry.elf.dir/Middlewares/Third_Party/FreeRTOS/Source/tasks.c.obj
                0x08008f04                xTaskIncrementTick
 .text.xTaskResumeAll
                0x0800901c       0xf8 CMakeFiles/remote_cube_sentry.elf.dir/Middlewares/Third_Party/FreeRTOS/Source/tasks.c.obj
                0x0800901c                xTaskResumeAll
 .text.vTaskDelayUntil
                0x08009114       0xa4 CMakeFiles/remote_cube_sentry.elf.dir/Middlewares/Third_Party/FreeRTOS/Source/tasks.c.obj
                0x08009114                vTaskDelayUntil
 .text.vTaskDelay
                0x080091b8       0x4c CMakeFiles/remote_cube_sentry.elf.dir/Middlewares/Third_Party/FreeRTOS/Source/tasks.c.obj
                0x080091b8                vTaskDelay
 .text.xTaskGetHandle
                0x08009204       0x98 CMakeFiles/remote_cube_sentry.elf.dir/Middlewares/Third_Party/FreeRTOS/Source/tasks.c.obj
                0x08009204                xTaskGetHandle
 .text.vTaskSwitchContext
                0x0800929c       0xa4 CMakeFiles/remote_cube_sentry.elf.dir/Middlewares/Third_Party/FreeRTOS/Source/tasks.c.obj
                0x0800929c                vTaskSwitchContext
 .text.vTaskPlaceOnEventList
                0x08009340       0x30 CMakeFiles/remote_cube_sentry.elf.dir/Middlewares/Third_Party/FreeRTOS/Source/tasks.c.obj
                0x08009340                vTaskPlaceOnEventList
 .text.xTaskRemoveFromEventList
                0x08009370       0x8c CMakeFiles/remote_cube_sentry.elf.dir/Middlewares/Third_Party/FreeRTOS/Source/tasks.c.obj
                0x08009370                xTaskRemoveFromEventList
 .text.vTaskInternalSetTimeOutState
                0x080093fc       0x18 CMakeFiles/remote_cube_sentry.elf.dir/Middlewares/Third_Party/FreeRTOS/Source/tasks.c.obj
                0x080093fc                vTaskInternalSetTimeOutState
 .text.xTaskCheckForTimeOut
                0x08009414       0xa0 CMakeFiles/remote_cube_sentry.elf.dir/Middlewares/Third_Party/FreeRTOS/Source/tasks.c.obj
                0x08009414                xTaskCheckForTimeOut
 .text.vTaskMissedYield
                0x080094b4        0xc CMakeFiles/remote_cube_sentry.elf.dir/Middlewares/Third_Party/FreeRTOS/Source/tasks.c.obj
                0x080094b4                vTaskMissedYield
 .text.xTaskGetSchedulerState
                0x080094c0       0x20 CMakeFiles/remote_cube_sentry.elf.dir/Middlewares/Third_Party/FreeRTOS/Source/tasks.c.obj
                0x080094c0                xTaskGetSchedulerState
 .text.ulTaskNotifyTake
                0x080094e0       0x80 CMakeFiles/remote_cube_sentry.elf.dir/Middlewares/Third_Party/FreeRTOS/Source/tasks.c.obj
                0x080094e0                ulTaskNotifyTake
 .text.vTaskNotifyGiveFromISR
                0x08009560       0xd4 CMakeFiles/remote_cube_sentry.elf.dir/Middlewares/Third_Party/FreeRTOS/Source/tasks.c.obj
                0x08009560                vTaskNotifyGiveFromISR
 .text.MX_USB_DEVICE_Init
                0x08009634       0x54 CMakeFiles/remote_cube_sentry.elf.dir/USB_DEVICE/App/usb_device.c.obj
                0x08009634                MX_USB_DEVICE_Init
 .text.CDC_DeInit_FS
                0x08009688        0x4 CMakeFiles/remote_cube_sentry.elf.dir/USB_DEVICE/App/usbd_cdc_if.c.obj
 .text.CDC_Control_FS
                0x0800968c        0x4 CMakeFiles/remote_cube_sentry.elf.dir/USB_DEVICE/App/usbd_cdc_if.c.obj
 .text.CDC_TransmitCplt_FS
                0x08009690        0x4 CMakeFiles/remote_cube_sentry.elf.dir/USB_DEVICE/App/usbd_cdc_if.c.obj
 .text.CDC_Receive_FS
                0x08009694       0x24 CMakeFiles/remote_cube_sentry.elf.dir/USB_DEVICE/App/usbd_cdc_if.c.obj
 .text.CDC_Init_FS
                0x080096b8       0x28 CMakeFiles/remote_cube_sentry.elf.dir/USB_DEVICE/App/usbd_cdc_if.c.obj
 .text.CDC_Transmit_FS
                0x080096e0       0x2c CMakeFiles/remote_cube_sentry.elf.dir/USB_DEVICE/App/usbd_cdc_if.c.obj
                0x080096e0                CDC_Transmit_FS
 .text.USBD_FS_DeviceDescriptor
                0x0800970c        0xc CMakeFiles/remote_cube_sentry.elf.dir/USB_DEVICE/App/usbd_desc.c.obj
                0x0800970c                USBD_FS_DeviceDescriptor
 .text.USBD_FS_LangIDStrDescriptor
                0x08009718        0xc CMakeFiles/remote_cube_sentry.elf.dir/USB_DEVICE/App/usbd_desc.c.obj
                0x08009718                USBD_FS_LangIDStrDescriptor
 .text.IntToUnicode
                0x08009724       0x46 CMakeFiles/remote_cube_sentry.elf.dir/USB_DEVICE/App/usbd_desc.c.obj
 *fill*         0x0800976a        0x2 
 .text.Get_SerialNum
                0x0800976c       0x38 CMakeFiles/remote_cube_sentry.elf.dir/USB_DEVICE/App/usbd_desc.c.obj
 .text.USBD_FS_SerialStrDescriptor
                0x080097a4       0x14 CMakeFiles/remote_cube_sentry.elf.dir/USB_DEVICE/App/usbd_desc.c.obj
                0x080097a4                USBD_FS_SerialStrDescriptor
 .text.USBD_FS_ProductStrDescriptor
                0x080097b8       0x24 CMakeFiles/remote_cube_sentry.elf.dir/USB_DEVICE/App/usbd_desc.c.obj
                0x080097b8                USBD_FS_ProductStrDescriptor
 .text.USBD_FS_ManufacturerStrDescriptor
                0x080097dc       0x1c CMakeFiles/remote_cube_sentry.elf.dir/USB_DEVICE/App/usbd_desc.c.obj
                0x080097dc                USBD_FS_ManufacturerStrDescriptor
 .text.USBD_FS_ConfigStrDescriptor
                0x080097f8       0x24 CMakeFiles/remote_cube_sentry.elf.dir/USB_DEVICE/App/usbd_desc.c.obj
                0x080097f8                USBD_FS_ConfigStrDescriptor
 .text.USBD_FS_InterfaceStrDescriptor
                0x0800981c       0x24 CMakeFiles/remote_cube_sentry.elf.dir/USB_DEVICE/App/usbd_desc.c.obj
                0x0800981c                USBD_FS_InterfaceStrDescriptor
 .text.HAL_PCD_MspInit
                0x08009840       0x84 CMakeFiles/remote_cube_sentry.elf.dir/USB_DEVICE/Target/usbd_conf.c.obj
                0x08009840                HAL_PCD_MspInit
 .text.HAL_PCD_SetupStageCallback
                0x080098c4       0x10 CMakeFiles/remote_cube_sentry.elf.dir/USB_DEVICE/Target/usbd_conf.c.obj
                0x080098c4                HAL_PCD_SetupStageCallback
 .text.HAL_PCD_DataOutStageCallback
                0x080098d4       0x18 CMakeFiles/remote_cube_sentry.elf.dir/USB_DEVICE/Target/usbd_conf.c.obj
                0x080098d4                HAL_PCD_DataOutStageCallback
 .text.HAL_PCD_DataInStageCallback
                0x080098ec       0x16 CMakeFiles/remote_cube_sentry.elf.dir/USB_DEVICE/Target/usbd_conf.c.obj
                0x080098ec                HAL_PCD_DataInStageCallback
 .text.HAL_PCD_SOFCallback
                0x08009902        0xc CMakeFiles/remote_cube_sentry.elf.dir/USB_DEVICE/Target/usbd_conf.c.obj
                0x08009902                HAL_PCD_SOFCallback
 .text.HAL_PCD_ResetCallback
                0x0800990e       0x2c CMakeFiles/remote_cube_sentry.elf.dir/USB_DEVICE/Target/usbd_conf.c.obj
                0x0800990e                HAL_PCD_ResetCallback
 *fill*         0x0800993a        0x2 
 .text.HAL_PCD_SuspendCallback
                0x0800993c       0x30 CMakeFiles/remote_cube_sentry.elf.dir/USB_DEVICE/Target/usbd_conf.c.obj
                0x0800993c                HAL_PCD_SuspendCallback
 .text.HAL_PCD_ResumeCallback
                0x0800996c        0xc CMakeFiles/remote_cube_sentry.elf.dir/USB_DEVICE/Target/usbd_conf.c.obj
                0x0800996c                HAL_PCD_ResumeCallback
 .text.HAL_PCD_ISOOUTIncompleteCallback
                0x08009978        0xc CMakeFiles/remote_cube_sentry.elf.dir/USB_DEVICE/Target/usbd_conf.c.obj
                0x08009978                HAL_PCD_ISOOUTIncompleteCallback
 .text.HAL_PCD_ISOINIncompleteCallback
                0x08009984        0xc CMakeFiles/remote_cube_sentry.elf.dir/USB_DEVICE/Target/usbd_conf.c.obj
                0x08009984                HAL_PCD_ISOINIncompleteCallback
 .text.HAL_PCD_ConnectCallback
                0x08009990        0xc CMakeFiles/remote_cube_sentry.elf.dir/USB_DEVICE/Target/usbd_conf.c.obj
                0x08009990                HAL_PCD_ConnectCallback
 .text.HAL_PCD_DisconnectCallback
                0x0800999c        0xc CMakeFiles/remote_cube_sentry.elf.dir/USB_DEVICE/Target/usbd_conf.c.obj
                0x0800999c                HAL_PCD_DisconnectCallback
 .text.USBD_LL_Init
                0x080099a8       0x68 CMakeFiles/remote_cube_sentry.elf.dir/USB_DEVICE/Target/usbd_conf.c.obj
                0x080099a8                USBD_LL_Init
 .text.USBD_LL_IsStallEP
                0x08009a10       0x2e CMakeFiles/remote_cube_sentry.elf.dir/USB_DEVICE/Target/usbd_conf.c.obj
                0x08009a10                USBD_LL_IsStallEP
 .text.USBD_LL_GetRxDataSize
                0x08009a3e        0xc CMakeFiles/remote_cube_sentry.elf.dir/USB_DEVICE/Target/usbd_conf.c.obj
                0x08009a3e                USBD_LL_GetRxDataSize
 *fill*         0x08009a4a        0x2 
 .text.USBD_static_malloc
                0x08009a4c        0x8 CMakeFiles/remote_cube_sentry.elf.dir/USB_DEVICE/Target/usbd_conf.c.obj
                0x08009a4c                USBD_static_malloc
 .text.USBD_static_free
                0x08009a54        0x2 CMakeFiles/remote_cube_sentry.elf.dir/USB_DEVICE/Target/usbd_conf.c.obj
                0x08009a54                USBD_static_free
 .text.USBD_Get_USB_Status
                0x08009a56       0x14 CMakeFiles/remote_cube_sentry.elf.dir/USB_DEVICE/Target/usbd_conf.c.obj
                0x08009a56                USBD_Get_USB_Status
 .text.USBD_LL_Start
                0x08009a6a       0x10 CMakeFiles/remote_cube_sentry.elf.dir/USB_DEVICE/Target/usbd_conf.c.obj
                0x08009a6a                USBD_LL_Start
 .text.USBD_LL_OpenEP
                0x08009a7a       0x16 CMakeFiles/remote_cube_sentry.elf.dir/USB_DEVICE/Target/usbd_conf.c.obj
                0x08009a7a                USBD_LL_OpenEP
 .text.USBD_LL_CloseEP
                0x08009a90       0x10 CMakeFiles/remote_cube_sentry.elf.dir/USB_DEVICE/Target/usbd_conf.c.obj